Archive member included to satisfy reference by file (symbol)

C:/ST/STM32CubeIDE_1.18.1/STM32CubeIDE/plugins/com.st.stm32cube.ide.mcu.externaltools.gnu-tools-for-stm32.13.3.rel1.win32_1.0.0.202411081344/tools/bin/../lib/gcc/arm-none-eabi/13.3.1/../../../../arm-none-eabi/lib/thumb/v7e-m+fp/hard\libc_nano.a(libc_a-exit.o)
                              C:/ST/STM32CubeIDE_1.18.1/STM32CubeIDE/plugins/com.st.stm32cube.ide.mcu.externaltools.gnu-tools-for-stm32.13.3.rel1.win32_1.0.0.202411081344/tools/bin/../lib/gcc/arm-none-eabi/13.3.1/../../../../arm-none-eabi/lib/thumb/v7e-m+fp/hard/crt0.o (exit)
C:/ST/STM32CubeIDE_1.18.1/STM32CubeIDE/plugins/com.st.stm32cube.ide.mcu.externaltools.gnu-tools-for-stm32.13.3.rel1.win32_1.0.0.202411081344/tools/bin/../lib/gcc/arm-none-eabi/13.3.1/../../../../arm-none-eabi/lib/thumb/v7e-m+fp/hard\libc_nano.a(libc_a-nano-vfprintf_float.o)
                              (_printf_float)
C:/ST/STM32CubeIDE_1.18.1/STM32CubeIDE/plugins/com.st.stm32cube.ide.mcu.externaltools.gnu-tools-for-stm32.13.3.rel1.win32_1.0.0.202411081344/tools/bin/../lib/gcc/arm-none-eabi/13.3.1/../../../../arm-none-eabi/lib/thumb/v7e-m+fp/hard\libc_nano.a(libc_a-nano-vfprintf_i.o)
                              C:/ST/STM32CubeIDE_1.18.1/STM32CubeIDE/plugins/com.st.stm32cube.ide.mcu.externaltools.gnu-tools-for-stm32.13.3.rel1.win32_1.0.0.202411081344/tools/bin/../lib/gcc/arm-none-eabi/13.3.1/../../../../arm-none-eabi/lib/thumb/v7e-m+fp/hard\libc_nano.a(libc_a-nano-vfprintf_float.o) (_printf_common)
C:/ST/STM32CubeIDE_1.18.1/STM32CubeIDE/plugins/com.st.stm32cube.ide.mcu.externaltools.gnu-tools-for-stm32.13.3.rel1.win32_1.0.0.202411081344/tools/bin/../lib/gcc/arm-none-eabi/13.3.1/../../../../arm-none-eabi/lib/thumb/v7e-m+fp/hard\libc_nano.a(libc_a-nano-vfscanf_float.o)
                              (_scanf_float)
C:/ST/STM32CubeIDE_1.18.1/STM32CubeIDE/plugins/com.st.stm32cube.ide.mcu.externaltools.gnu-tools-for-stm32.13.3.rel1.win32_1.0.0.202411081344/tools/bin/../lib/gcc/arm-none-eabi/13.3.1/../../../../arm-none-eabi/lib/thumb/v7e-m+fp/hard\libc_nano.a(libc_a-findfp.o)
                              C:/ST/STM32CubeIDE_1.18.1/STM32CubeIDE/plugins/com.st.stm32cube.ide.mcu.externaltools.gnu-tools-for-stm32.13.3.rel1.win32_1.0.0.202411081344/tools/bin/../lib/gcc/arm-none-eabi/13.3.1/../../../../arm-none-eabi/lib/thumb/v7e-m+fp/hard\libc_nano.a(libc_a-exit.o) (__stdio_exit_handler)
C:/ST/STM32CubeIDE_1.18.1/STM32CubeIDE/plugins/com.st.stm32cube.ide.mcu.externaltools.gnu-tools-for-stm32.13.3.rel1.win32_1.0.0.202411081344/tools/bin/../lib/gcc/arm-none-eabi/13.3.1/../../../../arm-none-eabi/lib/thumb/v7e-m+fp/hard\libc_nano.a(libc_a-fwalk.o)
                              C:/ST/STM32CubeIDE_1.18.1/STM32CubeIDE/plugins/com.st.stm32cube.ide.mcu.externaltools.gnu-tools-for-stm32.13.3.rel1.win32_1.0.0.202411081344/tools/bin/../lib/gcc/arm-none-eabi/13.3.1/../../../../arm-none-eabi/lib/thumb/v7e-m+fp/hard\libc_nano.a(libc_a-findfp.o) (_fwalk_sglue)
C:/ST/STM32CubeIDE_1.18.1/STM32CubeIDE/plugins/com.st.stm32cube.ide.mcu.externaltools.gnu-tools-for-stm32.13.3.rel1.win32_1.0.0.202411081344/tools/bin/../lib/gcc/arm-none-eabi/13.3.1/../../../../arm-none-eabi/lib/thumb/v7e-m+fp/hard\libc_nano.a(libc_a-snprintf.o)
                              ./Core/Src/main.o (snprintf)
C:/ST/STM32CubeIDE_1.18.1/STM32CubeIDE/plugins/com.st.stm32cube.ide.mcu.externaltools.gnu-tools-for-stm32.13.3.rel1.win32_1.0.0.202411081344/tools/bin/../lib/gcc/arm-none-eabi/13.3.1/../../../../arm-none-eabi/lib/thumb/v7e-m+fp/hard\libc_nano.a(libc_a-sprintf.o)
                              ./Core/Src/main.o (sprintf)
C:/ST/STM32CubeIDE_1.18.1/STM32CubeIDE/plugins/com.st.stm32cube.ide.mcu.externaltools.gnu-tools-for-stm32.13.3.rel1.win32_1.0.0.202411081344/tools/bin/../lib/gcc/arm-none-eabi/13.3.1/../../../../arm-none-eabi/lib/thumb/v7e-m+fp/hard\libc_nano.a(libc_a-stdio.o)
                              C:/ST/STM32CubeIDE_1.18.1/STM32CubeIDE/plugins/com.st.stm32cube.ide.mcu.externaltools.gnu-tools-for-stm32.13.3.rel1.win32_1.0.0.202411081344/tools/bin/../lib/gcc/arm-none-eabi/13.3.1/../../../../arm-none-eabi/lib/thumb/v7e-m+fp/hard\libc_nano.a(libc_a-findfp.o) (__sread)
C:/ST/STM32CubeIDE_1.18.1/STM32CubeIDE/plugins/com.st.stm32cube.ide.mcu.externaltools.gnu-tools-for-stm32.13.3.rel1.win32_1.0.0.202411081344/tools/bin/../lib/gcc/arm-none-eabi/13.3.1/../../../../arm-none-eabi/lib/thumb/v7e-m+fp/hard\libc_nano.a(libc_a-vsnprintf.o)
                              ./Core/Src/main.o (vsnprintf)
C:/ST/STM32CubeIDE_1.18.1/STM32CubeIDE/plugins/com.st.stm32cube.ide.mcu.externaltools.gnu-tools-for-stm32.13.3.rel1.win32_1.0.0.202411081344/tools/bin/../lib/gcc/arm-none-eabi/13.3.1/../../../../arm-none-eabi/lib/thumb/v7e-m+fp/hard\libc_nano.a(libc_a-memset.o)
[...]
Memory Configuration

Name             Origin             Length             Attributes
RAM              0x20000000         0x00050000         xrw
FLASH            0x08000000         0x00100000         xr
*default*        0x00000000         0xffffffff

Linker script and memory map

LOAD C:/ST/STM32CubeIDE_1.18.1/STM32CubeIDE/plugins/com.st.stm32cube.ide.mcu.externaltools.gnu-tools-for-stm32.13.3.rel1.win32_1.0.0.202411081344/tools/bin/../lib/gcc/arm-none-eabi/13.3.1/thumb/v7e-m+fp/hard/crti.o
LOAD C:/ST/STM32CubeIDE_1.18.1/STM32CubeIDE/plugins/com.st.stm32cube.ide.mcu.externaltools.gnu-tools-for-stm32.13.3.rel1.win32_1.0.0.202411081344/tools/bin/../lib/gcc/arm-none-eabi/13.3.1/thumb/v7e-m+fp/hard/crtbegin.o
LOAD C:/ST/STM32CubeIDE_1.18.1/STM32CubeIDE/plugins/com.st.stm32cube.ide.mcu.externaltools.gnu-tools-for-stm32.13.3.rel1.win32_1.0.0.202411081344/tools/bin/../lib/gcc/arm-none-eabi/13.3.1/../../../../arm-none-eabi/lib/thumb/v7e-m+fp/hard/crt0.o
LOAD ./Core/Src/Madgwick_filter.o
LOAD ./Core/Src/adxl375.o
LOAD ./Core/Src/driver_bmp390.o
LOAD ./Core/Src/flight_phases.o
LOAD ./Core/Src/kalman_filter.o
LOAD ./Core/Src/lsm6dso.o
LOAD ./Core/Src/lsm6dso_reg.o
LOAD ./Core/Src/main.o
LOAD ./Core/Src/stm32f7xx_hal_msp.o
LOAD ./Core/Src/stm32f7xx_it.o
LOAD ./Core/Src/syscalls.o
LOAD ./Core/Src/sysmem.o
LOAD ./Core/Src/system_stm32f7xx.o
LOAD ./Core/Startup/startup_stm32f756zgtx.o
LOAD ./Drivers/STM32F7xx_HAL_Driver/Src/stm32f7xx_hal.o
LOAD ./Drivers/STM32F7xx_HAL_Driver/Src/stm32f7xx_hal_cortex.o
LOAD ./Drivers/STM32F7xx_HAL_Driver/Src/stm32f7xx_hal_dma.o
LOAD ./Drivers/STM32F7xx_HAL_Driver/Src/stm32f7xx_hal_dma_ex.o
LOAD ./Drivers/STM32F7xx_HAL_Driver/Src/stm32f7xx_hal_eth.o
LOAD ./Drivers/STM32F7xx_HAL_Driver/Src/stm32f7xx_hal_exti.o
LOAD ./Drivers/STM32F7xx_HAL_Driver/Src/stm32f7xx_hal_flash.o
LOAD ./Drivers/STM32F7xx_HAL_Driver/Src/stm32f7xx_hal_flash_ex.o
LOAD ./Drivers/STM32F7xx_HAL_Driver/Src/stm32f7xx_hal_gpio.o
LOAD ./Drivers/STM32F7xx_HAL_Driver/Src/stm32f7xx_hal_i2c.o
LOAD ./Drivers/STM32F7xx_HAL_Driver/Src/stm32f7xx_hal_i2c_ex.o
LOAD ./Drivers/STM32F7xx_HAL_Driver/Src/stm32f7xx_hal_pcd.o
LOAD ./Drivers/STM32F7xx_HAL_Driver/Src/stm32f7xx_hal_pcd_ex.o
LOAD ./Drivers/STM32F7xx_HAL_Driver/Src/stm32f7xx_hal_pwr.o
LOAD ./Drivers/STM32F7xx_HAL_Driver/Src/stm32f7xx_hal_pwr_ex.o
LOAD ./Drivers/STM32F7xx_HAL_Driver/Src/stm32f7xx_hal_rcc.o
LOAD ./Drivers/STM32F7xx_HAL_Driver/Src/stm32f7xx_hal_rcc_ex.o
LOAD ./Drivers/STM32F7xx_HAL_Driver/Src/stm32f7xx_hal_uart.o
LOAD ./Drivers/STM32F7xx_HAL_Driver/Src/stm32f7xx_hal_uart_ex.o
LOAD ./Drivers/STM32F7xx_HAL_Driver/Src/stm32f7xx_ll_usb.o
START GROUP
LOAD C:/ST/STM32CubeIDE_1.18.1/STM32CubeIDE/plugins/com.st.stm32cube.ide.mcu.externaltools.gnu-tools-for-stm32.13.3.rel1.win32_1.0.0.202411081344/tools/bin/../lib/gcc/arm-none-eabi/13.3.1/../../../../arm-none-eabi/lib/thumb/v7e-m+fp/hard\libc_nano.a
LOAD C:/ST/STM32CubeIDE_1.18.1/STM32CubeIDE/plugins/com.st.stm32cube.ide.mcu.externaltools.gnu-tools-for-stm32.13.3.rel1.win32_1.0.0.202411081344/tools/bin/../lib/gcc/arm-none-eabi/13.3.1/../../../../arm-none-eabi/lib/thumb/v7e-m+fp/hard\libm.a
END GROUP
START GROUP
LOAD C:/ST/STM32CubeIDE_1.18.1/STM32CubeIDE/plugins/com.st.stm32cube.ide.mcu.externaltools.gnu-tools-for-stm32.13.3.rel1.win32_1.0.0.202411081344/tools/bin/../lib/gcc/arm-none-eabi/13.3.1/thumb/v7e-m+fp/hard\libgcc.a
LOAD C:/ST/STM32CubeIDE_1.18.1/STM32CubeIDE/plugins/com.st.stm32cube.ide.mcu.externaltools.gnu-tools-for-stm32.13.3.rel1.win32_1.0.0.202411081344/tools/bin/../lib/gcc/arm-none-eabi/13.3.1/../../../../arm-none-eabi/lib/thumb/v7e-m+fp/hard\libc_nano.a
END GROUP
START GROUP
LOAD C:/ST/STM32CubeIDE_1.18.1/STM32CubeIDE/plugins/com.st.stm32cube.ide.mcu.externaltools.gnu-tools-for-stm32.13.3.rel1.win32_1.0.0.202411081344/tools/bin/../lib/gcc/arm-none-eabi/13.3.1/thumb/v7e-m+fp/hard\libgcc.a
LOAD C:/ST/STM32CubeIDE_1.18.1/STM32CubeIDE/plugins/com.st.stm32cube.ide.mcu.externaltools.gnu-tools-for-stm32.13.3.rel1.win32_1.0.0.202411081344/tools/bin/../lib/gcc/arm-none-eabi/13.3.1/../../../../arm-none-eabi/lib/thumb/v7e-m+fp/hard\libc_nano.a
LOAD C:/ST/STM32CubeIDE_1.18.1/STM32CubeIDE/plugins/com.st.stm32cube.ide.mcu.externaltools.gnu-tools-for-stm32.13.3.rel1.win32_1.0.0.202411081344/tools/bin/../lib/gcc/arm-none-eabi/13.3.1/../../../../arm-none-eabi/lib/thumb/v7e-m+fp/hard\libnosys.a
END GROUP
START GROUP
LOAD C:/ST/STM32CubeIDE_1.18.1/STM32CubeIDE/plugins/com.st.stm32cube.ide.mcu.externaltools.gnu-tools-for-stm32.13.3.rel1.win32_1.0.0.202411081344/tools/bin/../lib/gcc/arm-none-eabi/13.3.1/thumb/v7e-m+fp/hard\libgcc.a
LOAD C:/ST/STM32CubeIDE_1.18.1/STM32CubeIDE/plugins/com.st.stm32cube.ide.mcu.externaltools.gnu-tools-for-stm32.13.3.rel1.win32_1.0.0.202411081344/tools/bin/../lib/gcc/arm-none-eabi/13.3.1/../../../../arm-none-eabi/lib/thumb/v7e-m+fp/hard\libc_nano.a
LOAD C:/ST/STM32CubeIDE_1.18.1/STM32CubeIDE/plugins/com.st.stm32cube.ide.mcu.externaltools.gnu-tools-for-stm32.13.3.rel1.win32_1.0.0.202411081344/tools/bin/../lib/gcc/arm-none-eabi/13.3.1/../../../../arm-none-eabi/lib/thumb/v7e-m+fp/hard\libnosys.a
END GROUP
LOAD C:/ST/STM32CubeIDE_1.18.1/STM32CubeIDE/plugins/com.st.stm32cube.ide.mcu.externaltools.gnu-tools-for-stm32.13.3.rel1.win32_1.0.0.202411081344/tools/bin/../lib/gcc/arm-none-eabi/13.3.1/thumb/v7e-m+fp/hard/crtend.o
LOAD C:/ST/STM32CubeIDE_1.18.1/STM32CubeIDE/plugins/com.st.stm32cube.ide.mcu.externaltools.gnu-tools-for-stm32.13.3.rel1.win32_1.0.0.202411081344/tools/bin/../lib/gcc/arm-none-eabi/13.3.1/thumb/v7e-m+fp/hard/crtn.o
                0x20050000                        _estack = (ORIGIN (RAM) + LENGTH (RAM))
                0x00000200                        _Min_Heap_Size = 0x200
                0x00000400                        _Min_Stack_Size = 0x400

.isr_vector     0x08000000      0x1c8
                0x08000000                        . = ALIGN (0x4)
 *(.isr_vector)
 .isr_vector    0x08000000      0x1c8 ./Core/Startup/startup_stm32f756zgtx.o
                0x08000000                g_pfnVectors
                0x080001c8                        . = ALIGN (0x4)

.text           0x080001d0     0xfc64
                0x080001d0                        . = ALIGN (0x4)
 *(.text)
 .text          0x080001d0       0x40 C:/ST/STM32CubeIDE_1.18.1/STM32CubeIDE/plugins/com.st.stm32cube.ide.mcu.externaltools.gnu-tools-for-stm32.13.3.rel1.win32_1.0.0.202411081344/tools/bin/../lib/gcc/arm-none-eabi/13.3.1/thumb/v7e-m+fp/hard/crtbegin.o
 .text          0x08000210       0xa0 C:/ST/STM32CubeIDE_1.18.1/STM32CubeIDE/plugins/com.st.stm32cube.ide.mcu.externaltools.gnu-tools-for-stm32.13.3.rel1.win32_1.0.0.202411081344/tools/bin/../lib/gcc/arm-none-eabi/13.3.1/../../../../arm-none-eabi/lib/thumb/v7e-m+fp/hard\libc_nano.a(libc_a-memchr.o)
                0x08000210                memchr
 .text          0x080002b0       0x10 C:/ST/STM32CubeIDE_1.18.1/STM32CubeIDE/plugins/com.st.stm32cube.ide.mcu.externaltools.gnu-tools-for-stm32.13.3.rel1.win32_1.0.0.202411081344/tools/bin/../lib/gcc/arm-none-eabi/13.3.1/../../../../arm-none-eabi/lib/thumb/v7e-m+fp/hard\libc_nano.a(libc_a-strlen.o)
                0x080002b0                strlen
 .text          0x080002c0      0x378 C:/ST/STM32CubeIDE_1.18.1/STM32CubeIDE/plugins/com.st.stm32cube.ide.mcu.externaltools.gnu-tools-for-stm32.13.3.rel1.win32_1.0.0.202411081344/tools/bin/../lib/gcc/arm-none-eabi/13.3.1/thumb/v7e-m+fp/hard\libgcc.a(_arm_addsubdf3.o)
                0x080002c0                __aeabi_drsub
                0x080002c8                __aeabi_dsub
                0x080002c8                __subdf3
                0x080002cc                __aeabi_dadd
                0x080002cc                __adddf3
                0x08000544                __floatunsidf
                0x08000544                __aeabi_ui2d
                0x08000564                __floatsidf
                0x08000564                __aeabi_i2d
                0x08000588                __aeabi_f2d
                0x08000588                __extendsfdf2
                0x080005cc                __floatundidf
                0x080005cc                __aeabi_ul2d
                0x080005dc                __floatdidf
                0x080005dc                __aeabi_l2d
 .text          0x08000638      0x424 C:/ST/STM32CubeIDE_1.18.1/STM32CubeIDE/plugins/com.st.stm32cube.ide.mcu.externaltools.gnu-tools-for-stm32.13.3.rel1.win32_1.0.0.202411081344/tools/bin/../lib/gcc/arm-none-eabi/13.3.1/thumb/v7e-m+fp/hard\libgcc.a(_arm_muldivdf3.o)
                0x08000638                __aeabi_dmul
                0x08000638                __muldf3
                0x0800088c                __divdf3
                0x0800088c                __aeabi_ddiv
 .text          0x08000a5c      0x110 C:/ST/STM32CubeIDE_1.18.1/STM32CubeIDE/plugins/com.st.stm32cube.ide.mcu.externaltools.gnu-tools-for-stm32.13.3.rel1.win32_1.0.0.202411081344/tools/bin/../lib/gcc/arm-none-eabi/13.3.1/thumb/v7e-m+fp/hard\libgcc.a(_arm_cmpdf2.o)
                0x08000a5c                __gtdf2
                0x08000a5c                __gedf2
                0x08000a64                __ltdf2
                0x08000a64                __ledf2
                0x08000a6c                __nedf2
                0x08000a6c                __eqdf2
                0x08000a6c                __cmpdf2
                0x08000ae8                __aeabi_cdrcmple
                0x08000af8                __aeabi_cdcmpeq
                0x08000af8                __aeabi_cdcmple
                0x08000b08                __aeabi_dcmpeq
                0x08000b1c                __aeabi_dcmplt
                0x08000b30                __aeabi_dcmple
                0x08000b44                __aeabi_dcmpge
                0x08000b58                __aeabi_dcmpgt
 .text          0x08000b6c       0x2c C:/ST/STM32CubeIDE_1.18.1/STM32CubeIDE/plugins/com.st.stm32cube.ide.mcu.externaltools.gnu-tools-for-stm32.13.3.rel1.win32_1.0.0.202411081344/tools/bin/../lib/gcc/arm-none-eabi/13.3.1/thumb/v7e-m+fp/hard\libgcc.a(_arm_unorddf2.o)
                0x08000b6c                __unorddf2
                0x08000b6c                __aeabi_dcmpun
 .text          0x08000b98       0x50 C:/ST/STM32CubeIDE_1.18.1/STM32CubeIDE/plugins/com.st.stm32cube.ide.mcu.externaltools.gnu-tools-for-stm32.13.3.rel1.win32_1.0.0.202411081344/tools/bin/../lib/gcc/arm-none-eabi/13.3.1/thumb/v7e-m+fp/hard\libgcc.a(_arm_fixdfsi.o)
                0x08000b98                __aeabi_d2iz
                0x08000b98                __fixdfsi
 .text          0x08000be8       0x40 C:/ST/STM32CubeIDE_1.18.1/STM32CubeIDE/plugins/com.st.stm32cube.ide.mcu.externaltools.gnu-tools-for-stm32.13.3.rel1.win32_1.0.0.202411081344/tools/bin/../lib/gcc/arm-none-eabi/13.3.1/thumb/v7e-m+fp/hard\libgcc.a(_arm_fixunsdfsi.o)
                0x08000be8                __aeabi_d2uiz
                0x08000be8                __fixunsdfsi
 .text          0x08000c28       0xa0 C:/ST/STM32CubeIDE_1.18.1/STM32CubeIDE/plugins/com.st.stm32cube.ide.mcu.externaltools.gnu-tools-for-stm32.13.3.rel1.win32_1.0.0.202411081344/tools/bin/../lib/gcc/arm-none-eabi/13.3.1/thumb/v7e-m+fp/hard\libgcc.a(_arm_truncdfsf2.o)
                0x08000c28                __truncdfsf2
                0x08000c28                __aeabi_d2f
 .text          0x08000cc8       0x30 C:/ST/STM32CubeIDE_1.18.1/STM32CubeIDE/plugins/com.st.stm32cube.ide.mcu.externaltools.gnu-tools-for-stm32.13.3.rel1.win32_1.0.0.202411081344/tools/bin/../lib/gcc/arm-none-eabi/13.3.1/thumb/v7e-m+fp/hard\libgcc.a(_aeabi_uldivmod.o)
                0x08000cc8                __aeabi_uldivmod
 .text          0x08000cf8       0x30 C:/ST/STM32CubeIDE_1.18.1/STM32CubeIDE/plugins/com.st.stm32cube.ide.mcu.externaltools.gnu-tools-for-stm32.13.3.rel1.win32_1.0.0.202411081344/tools/bin/../lib/gcc/arm-none-eabi/13.3.1/thumb/v7e-m+fp/hard\libgcc.a(_fixdfdi.o)
                0x08000cf8                __fixdfdi
                0x08000cf8                __aeabi_d2lz
 .text          0x08000d28       0x3c C:/ST/STM32CubeIDE_1.18.1/STM32CubeIDE/plugins/com.st.stm32cube.ide.mcu.externaltools.gnu-tools-for-stm32.13.3.rel1.win32_1.0.0.202411081344/tools/bin/../lib/gcc/arm-none-eabi/13.3.1/thumb/v7e-m+fp/hard\libgcc.a(_fixunsdfdi.o)
                0x08000d28                __fixunsdfdi
                0x08000d28                __aeabi_d2ulz
 .text          0x08000d64      0x2f8 C:/ST/STM32CubeIDE_1.18.1/STM32CubeIDE/plugins/com.st.stm32cube.ide.mcu.externaltools.gnu-tools-for-stm32.13.3.rel1.win32_1.0.0.202411081344/tools/bin/../lib/gcc/arm-none-eabi/13.3.1/thumb/v7e-m+fp/hard\libgcc.a(_udivmoddi4.o)
                0x08000d64                __udivmoddi4
 .text          0x0800105c        0x4 C:/ST/STM32CubeIDE_1.18.1/STM32CubeIDE/plugins/com.st.stm32cube.ide.mcu.externaltools.gnu-tools-for-stm32.13.3.rel1.win32_1.0.0.202411081344/tools/bin/../lib/gcc/arm-none-eabi/13.3.1/thumb/v7e-m+fp/hard\libgcc.a(_dvmd_tls.o)
                0x0800105c                __aeabi_idiv0
                0x0800105c                __aeabi_ldiv0
 *(.text*)
 .text.MadgwickAHRSupdateIMU
                0x08001060      0x648 ./Core/Src/Madgwick_filter.o
                0x08001060                MadgwickAHRSupdateIMU
 .text.invSqrt  0x080016a8       0xf0 ./Core/Src/Madgwick_filter.o
                0x080016a8                invSqrt
 .text.adxl375_write
                0x08001798       0x38 ./Core/Src/adxl375.o
                0x08001798                adxl375_write
 .text.adxl375_read
                0x080017d0       0x3c ./Core/Src/adxl375.o
                0x080017d0                adxl375_read
 .text.adxl375_read_xyz
                0x0800180c       0x80 ./Core/Src/adxl375.o
                0x0800180c                adxl375_read_xyz
 .text.adxl375_init
                0x0800188c       0x34 ./Core/Src/adxl375.o
                0x0800188c                adxl375_init
 .text.adxl375_write_offsets
                0x080018c0       0x38 ./Core/Src/adxl375.o
                0x080018c0                adxl375_write_offsets
 .text.adxl375_read_offsets
                0x080018f8       0x50 ./Core/Src/adxl375.o
                0x080018f8                adxl375_read_offsets
 .text.adxl375_calibrate
                0x08001948      0x130 ./Core/Src/adxl375.o
                0x08001948                adxl375_calibrate
 .text.a_bmp390_iic_spi_read
                0x08001a78       0x96 ./Core/Src/driver_bmp390.o
 .text.a_bmp390_iic_spi_write
                0x08001b0e       0xa8 ./Core/Src/driver_bmp390.o
 *fill*         0x08001bb6        0x2 
 .text.a_bmp390_get_calibration_data
                0x08001bb8      0x2dc ./Core/Src/driver_bmp390.o
 .text.a_bmp390_compensate_temperature
                0x08001e94      0x1d0 ./Core/Src/driver_bmp390.o
 .text.a_bmp390_compensate_pressure
                0x08002064      0x872 ./Core/Src/driver_bmp390.o
 *fill*         0x080028d6        0x2 
 .text.bmp390_set_pressure
                0x080028d8       0x98 ./Core/Src/driver_bmp390.o
                0x080028d8                bmp390_set_pressure
 .text.bmp390_set_temperature
                0x08002970       0xa0 ./Core/Src/driver_bmp390.o
                0x08002970                bmp390_set_temperature
 .text.bmp390_set_mode
                0x08002a10       0xa0 ./Core/Src/driver_bmp390.o
                0x08002a10                bmp390_set_mode
 .text.bmp390_set_pressure_oversampling
                0x08002ab0       0x98 ./Core/Src/driver_bmp390.o
                0x08002ab0                bmp390_set_pressure_oversampling
 .text.bmp390_set_temperature_oversampling
                0x08002b48       0xa0 ./Core/Src/driver_bmp390.o
                0x08002b48                bmp390_set_temperature_oversampling
 .text.bmp390_set_odr
                0x08002be8       0x98 ./Core/Src/driver_bmp390.o
                0x08002be8                bmp390_set_odr
 .text.a_bmp390_close
                0x08002c80       0x60 ./Core/Src/driver_bmp390.o
 .text.bmp390_init
                0x08002ce0      0x270 ./Core/Src/driver_bmp390.o
                0x08002ce0                bmp390_init
 .text.bmp390_read_temperature_pressure
                0x08002f50      0x428 ./Core/Src/driver_bmp390.o
                0x08002f50                bmp390_read_temperature_pressure
 .text.bmp390_set_addr_pin
                0x08003378       0x2a ./Core/Src/driver_bmp390.o
                0x08003378                bmp390_set_addr_pin
 .text.bmp390_set_interface
                0x080033a2       0x2c ./Core/Src/driver_bmp390.o
                0x080033a2                bmp390_set_interface
 *fill*         0x080033ce        0x2 
 .text.check_flight_phase
                0x080033d0      0x140 ./Core/Src/flight_phases.o
                0x080033d0                check_flight_phase
 .text.trigger_event
                0x08003510       0x54 ./Core/Src/flight_phases.o
                0x08003510                trigger_event
 .text.check_ready_phase
                0x08003564       0xea ./Core/Src/flight_phases.o
 .text.check_thrusting_phase
                0x0800364e       0x7e ./Core/Src/flight_phases.o
 .text.check_coasting_phase
                0x080036cc       0x7e ./Core/Src/flight_phases.o
 *fill*         0x0800374a        0x2 
 .text.check_drogue_phase
                0x0800374c       0x8c ./Core/Src/flight_phases.o
 .text.check_main_phase
                0x080037d8       0x90 ./Core/Src/flight_phases.o
 .text.clear_fsm_memory
                0x08003868       0x3c ./Core/Src/flight_phases.o
 .text.change_state_to
                0x080038a4       0x2e ./Core/Src/flight_phases.o
 .text.kalman_init
                0x080038d2       0x5e ./Core/Src/kalman_filter.o
                0x080038d2                kalman_init
 .text.kalman_predict
                0x08003930      0x1ec ./Core/Src/kalman_filter.o
                0x08003930                kalman_predict
 .text.kalman_update_barometer
                0x08003b1c      0x12e ./Core/Src/kalman_filter.o
                0x08003b1c                kalman_update_barometer
 .text.lsm6dso_read_reg
                0x08003c4a       0x30 ./Core/Src/lsm6dso_reg.o
                0x08003c4a                lsm6dso_read_reg
 .text.lsm6dso_write_reg
                0x08003c7a       0x30 ./Core/Src/lsm6dso_reg.o
                0x08003c7a                lsm6dso_write_reg
 .text.lsm6dso_xl_full_scale_set
                0x08003caa       0x4c ./Core/Src/lsm6dso_reg.o
                0x08003caa                lsm6dso_xl_full_scale_set
 *fill*         0x08003cf6        0x2 
 .text.lsm6dso_xl_data_rate_set
                0x08003cf8      0x1f4 ./Core/Src/lsm6dso_reg.o
                0x08003cf8                lsm6dso_xl_data_rate_set
 .text.lsm6dso_gy_full_scale_set
                0x08003eec       0x4c ./Core/Src/lsm6dso_reg.o
                0x08003eec                lsm6dso_gy_full_scale_set
 .text.lsm6dso_gy_data_rate_set
                0x08003f38      0x1f4 ./Core/Src/lsm6dso_reg.o
                0x08003f38                lsm6dso_gy_data_rate_set
 .text.lsm6dso_block_data_update_set
                0x0800412c       0x4c ./Core/Src/lsm6dso_reg.o
                0x0800412c                lsm6dso_block_data_update_set
 .text.lsm6dso_status_reg_get
                0x08004178       0x22 ./Core/Src/lsm6dso_reg.o
                0x08004178                lsm6dso_status_reg_get
 .text.lsm6dso_angular_rate_raw_get
                0x0800419a       0x90 ./Core/Src/lsm6dso_reg.o
                0x0800419a                lsm6dso_angular_rate_raw_get
 .text.lsm6dso_acceleration_raw_get
                0x0800422a       0x90 ./Core/Src/lsm6dso_reg.o
                0x0800422a                lsm6dso_acceleration_raw_get
 .text.lsm6dso_mem_bank_set
                0x080042ba       0x4c ./Core/Src/lsm6dso_reg.o
                0x080042ba                lsm6dso_mem_bank_set
 .text.lsm6dso_device_id_get
                0x08004306       0x22 ./Core/Src/lsm6dso_reg.o
                0x08004306                lsm6dso_device_id_get
 .text.lsm6dso_reset_set
                0x08004328       0x4c ./Core/Src/lsm6dso_reg.o
                0x08004328                lsm6dso_reset_set
 .text.lsm6dso_reset_get
                0x08004374       0x32 ./Core/Src/lsm6dso_reg.o
                0x08004374                lsm6dso_reset_get
 .text.lsm6dso_fsm_enable_get
                0x080043a6       0x42 ./Core/Src/lsm6dso_reg.o
                0x080043a6                lsm6dso_fsm_enable_get
 .text.lsm6dso_fsm_data_rate_get
                0x080043e8       0x90 ./Core/Src/lsm6dso_reg.o
                0x080043e8                lsm6dso_fsm_data_rate_get
 .text.platform_write
                0x08004478       0x46 ./Core/Src/main.o
 .text.platform_read
                0x080044be       0x46 ./Core/Src/main.o
 .text.bmp390_i2c_interface_init
                0x08004504       0x10 ./Core/Src/main.o
                0x08004504                bmp390_i2c_interface_init
 .text.bmp390_i2c_interface_deinit
                0x08004514       0x10 ./Core/Src/main.o
                0x08004514                bmp390_i2c_interface_deinit
 .text.bmp390_i2c_read
                0x08004524       0x4c ./Core/Src/main.o
                0x08004524                bmp390_i2c_read
 .text.bmp390_i2c_write
                0x08004570       0x4c ./Core/Src/main.o
                0x08004570                bmp390_i2c_write
 .text.bmp390_delay_ms
                0x080045bc       0x16 ./Core/Src/main.o
                0x080045bc                bmp390_delay_ms
 .text.bmp390_spi_interface_init
                0x080045d2       0x10 ./Core/Src/main.o
                0x080045d2                bmp390_spi_interface_init
 .text.bmp390_spi_interface_deinit
                0x080045e2       0x10 ./Core/Src/main.o
                0x080045e2                bmp390_spi_interface_deinit
 .text.bmp390_spi_read
                0x080045f2       0x1e ./Core/Src/main.o
                0x080045f2                bmp390_spi_read
 .text.bmp390_spi_write
                0x08004610       0x1e ./Core/Src/main.o
                0x08004610                bmp390_spi_write
 .text.bmp390_debug_print
                0x0800462e       0x2c ./Core/Src/main.o
                0x0800462e                bmp390_debug_print
 *fill*         0x0800465a        0x2 
 .text.calibrate_sea_level_pressure_hpa
                0x0800465c       0x54 ./Core/Src/main.o
                0x0800465c                calibrate_sea_level_pressure_hpa
 .text.calculate_altitude_hpa
                0x080046b0       0x68 ./Core/Src/main.o
                0x080046b0                calculate_altitude_hpa
 .text.lsm6dso_from_fs16g_to_mg
                0x08004718       0x34 ./Core/Src/main.o
 .text.lsm6dso_from_fs2000dps_to_mdps
                0x0800474c       0x30 ./Core/Src/main.o
 *fill*         0x0800477c        0x4 
 .text.main     0x08004780     0x1a6c ./Core/Src/main.o
                0x08004780                main
 .text.SystemClock_Config
                0x080061ec       0xd0 ./Core/Src/main.o
                0x080061ec                SystemClock_Config
 .text.MX_ETH_Init
                0x080062bc       0x9c ./Core/Src/main.o
 .text.MX_I2C1_Init
                0x08006358       0x80 ./Core/Src/main.o
 .text.MX_USART3_UART_Init
                0x080063d8       0x60 ./Core/Src/main.o
 .text.MX_USB_OTG_FS_PCD_Init
                0x08006438       0x5c ./Core/Src/main.o
 .text.MX_GPIO_Init
                0x08006494      0x194 ./Core/Src/main.o
 .text.Error_Handler
                0x08006628        0xc ./Core/Src/main.o
                0x08006628                Error_Handler
 .text.HAL_MspInit
                0x08006634       0x48 ./Core/Src/stm32f7xx_hal_msp.o
                0x08006634                HAL_MspInit
 .text.HAL_ETH_MspInit
                0x0800667c      0x170 ./Core/Src/stm32f7xx_hal_msp.o
                0x0800667c                HAL_ETH_MspInit
 .text.HAL_I2C_MspInit
                0x080067ec       0xc0 ./Core/Src/stm32f7xx_hal_msp.o
                0x080067ec                HAL_I2C_MspInit
 .text.HAL_UART_MspInit
                0x080068ac       0xc0 ./Core/Src/stm32f7xx_hal_msp.o
                0x080068ac                HAL_UART_MspInit
 .text.HAL_PCD_MspInit
                0x0800696c       0xf4 ./Core/Src/stm32f7xx_hal_msp.o
                0x0800696c                HAL_PCD_MspInit
 .text.NMI_Handler
                0x08006a60        0x8 ./Core/Src/stm32f7xx_it.o
                0x08006a60                NMI_Handler
 .text.HardFault_Handler
                0x08006a68        0x8 ./Core/Src/stm32f7xx_it.o
                0x08006a68                HardFault_Handler
 .text.MemManage_Handler
                0x08006a70        0x8 ./Core/Src/stm32f7xx_it.o
                0x08006a70                MemManage_Handler
 .text.BusFault_Handler
                0x08006a78        0x8 ./Core/Src/stm32f7xx_it.o
                0x08006a78                BusFault_Handler
 .text.UsageFault_Handler
                0x08006a80        0x8 ./Core/Src/stm32f7xx_it.o
                0x08006a80                UsageFault_Handler
 .text.SVC_Handler
                0x08006a88        0xe ./Core/Src/stm32f7xx_it.o
                0x08006a88                SVC_Handler
 .text.DebugMon_Handler
                0x08006a96        0xe ./Core/Src/stm32f7xx_it.o
                0x08006a96                DebugMon_Handler
 .text.PendSV_Handler
                0x08006aa4        0xe ./Core/Src/stm32f7xx_it.o
                0x08006aa4                PendSV_Handler
 .text.SysTick_Handler
                0x08006ab2        0xc ./Core/Src/stm32f7xx_it.o
                0x08006ab2                SysTick_Handler
 .text._getpid  0x08006abe       0x10 ./Core/Src/syscalls.o
                0x08006abe                _getpid
 .text._kill    0x08006ace       0x20 ./Core/Src/syscalls.o
                0x08006ace                _kill
 .text._exit    0x08006aee       0x16 ./Core/Src/syscalls.o
                0x08006aee                _exit
 .text._read    0x08006b04       0x3a ./Core/Src/syscalls.o
                0x08006b04                _read
 .text._write   0x08006b3e       0x38 ./Core/Src/syscalls.o
                0x08006b3e                _write
 .text._close   0x08006b76       0x18 ./Core/Src/syscalls.o
                0x08006b76                _close
 .text._fstat   0x08006b8e       0x20 ./Core/Src/syscalls.o
                0x08006b8e                _fstat
 .text._isatty  0x08006bae       0x16 ./Core/Src/syscalls.o
                0x08006bae                _isatty
 .text._lseek   0x08006bc4       0x1a ./Core/Src/syscalls.o
                0x08006bc4                _lseek
 *fill*         0x08006bde        0x2 
 .text._sbrk    0x08006be0       0x6c ./Core/Src/sysmem.o
                0x08006be0                _sbrk
 .text.SystemInit
                0x08006c4c       0x24 ./Core/Src/system_stm32f7xx.o
                0x08006c4c                SystemInit
 .text.Reset_Handler
                0x08006c70       0x50 ./Core/Startup/startup_stm32f756zgtx.o
                0x08006c70                Reset_Handler
 .text.Default_Handler
                0x08006cc0        0x2 ./Core/Startup/startup_stm32f756zgtx.o
                0x08006cc0                RTC_Alarm_IRQHandler
                0x08006cc0                HASH_RNG_IRQHandler
                0x08006cc0                EXTI2_IRQHandler
                0x08006cc0                TIM8_CC_IRQHandler
                0x08006cc0                UART8_IRQHandler
                0x08006cc0                SPI4_IRQHandler
                0x08006cc0                TIM1_CC_IRQHandler
                0x08006cc0                DMA2_Stream5_IRQHandler
                0x08006cc0                DMA1_Stream5_IRQHandler
                0x08006cc0                PVD_IRQHandler
                0x08006cc0                TAMP_STAMP_IRQHandler
                0x08006cc0                CAN2_RX1_IRQHandler
                0x08006cc0                EXTI3_IRQHandler
                0x08006cc0                TIM8_TRG_COM_TIM14_IRQHandler
                0x08006cc0                TIM1_UP_TIM10_IRQHandler
                0x08006cc0                TIM8_UP_TIM13_IRQHandler
                0x08006cc0                I2C3_ER_IRQHandler
                0x08006cc0                EXTI0_IRQHandler
                0x08006cc0                I2C2_EV_IRQHandler
                0x08006cc0                DMA1_Stream2_IRQHandler
                0x08006cc0                CAN1_RX0_IRQHandler
                0x08006cc0                FPU_IRQHandler
                0x08006cc0                OTG_HS_WKUP_IRQHandler
                0x08006cc0                LTDC_ER_IRQHandler
                0x08006cc0                CAN2_SCE_IRQHandler
                0x08006cc0                DMA2_Stream2_IRQHandler
                0x08006cc0                SPI1_IRQHandler
                0x08006cc0                TIM6_DAC_IRQHandler
                0x08006cc0                TIM1_BRK_TIM9_IRQHandler
                0x08006cc0                DCMI_IRQHandler
                0x08006cc0                CAN2_RX0_IRQHandler
                0x08006cc0                DMA2_Stream3_IRQHandler
                0x08006cc0                SAI2_IRQHandler
                0x08006cc0                USART6_IRQHandler
                0x08006cc0                USART3_IRQHandler
                0x08006cc0                CRYP_IRQHandler
                0x08006cc0                CAN1_RX1_IRQHandler
                0x08006cc0                UART5_IRQHandler
                0x08006cc0                DMA2_Stream0_IRQHandler
                0x08006cc0                TIM4_IRQHandler
                0x08006cc0                QUADSPI_IRQHandler
                0x08006cc0                I2C1_EV_IRQHandler
                0x08006cc0                DMA1_Stream6_IRQHandler
                0x08006cc0                DMA1_Stream1_IRQHandler
                0x08006cc0                UART4_IRQHandler
                0x08006cc0                TIM3_IRQHandler
                0x08006cc0                RCC_IRQHandler
                0x08006cc0                TIM8_BRK_TIM12_IRQHandler
                0x08006cc0                Default_Handler
                0x08006cc0                CEC_IRQHandler
                0x08006cc0                EXTI15_10_IRQHandler
                0x08006cc0                ADC_IRQHandler
                0x08006cc0                DMA1_Stream7_IRQHandler
                0x08006cc0                SPI5_IRQHandler
                0x08006cc0                TIM7_IRQHandler
                0x08006cc0                SDMMC1_IRQHandler
                0x08006cc0                CAN2_TX_IRQHandler
                0x08006cc0                TIM5_IRQHandler
                0x08006cc0                DMA2_Stream7_IRQHandler
                0x08006cc0                I2C3_EV_IRQHandler
                0x08006cc0                EXTI9_5_IRQHandler
                0x08006cc0                RTC_WKUP_IRQHandler
                0x08006cc0                LTDC_IRQHandler
                0x08006cc0                ETH_WKUP_IRQHandler
                0x08006cc0                SPDIF_RX_IRQHandler
                0x08006cc0                SPI2_IRQHandler
                0x08006cc0                OTG_HS_EP1_IN_IRQHandler
                0x08006cc0                DMA1_Stream0_IRQHandler
                0x08006cc0                CAN1_TX_IRQHandler
                0x08006cc0                EXTI4_IRQHandler
                0x08006cc0                ETH_IRQHandler
                0x08006cc0                OTG_HS_EP1_OUT_IRQHandler
                0x08006cc0                WWDG_IRQHandler
                0x08006cc0                SPI6_IRQHandler
                0x08006cc0                I2C4_EV_IRQHandler
                0x08006cc0                TIM2_IRQHandler
                0x08006cc0                OTG_FS_WKUP_IRQHandler
                0x08006cc0                TIM1_TRG_COM_TIM11_IRQHandler
                0x08006cc0                OTG_HS_IRQHandler
                0x08006cc0                DMA2D_IRQHandler
                0x08006cc0                EXTI1_IRQHandler
                0x08006cc0                UART7_IRQHandler
                0x08006cc0                USART2_IRQHandler
                0x08006cc0                I2C2_ER_IRQHandler
                0x08006cc0                DMA2_Stream1_IRQHandler
                0x08006cc0                CAN1_SCE_IRQHandler
                0x08006cc0                FLASH_IRQHandler
                0x08006cc0                DMA2_Stream4_IRQHandler
                0x08006cc0                USART1_IRQHandler
                0x08006cc0                OTG_FS_IRQHandler
                0x08006cc0                SPI3_IRQHandler
                0x08006cc0                DMA1_Stream4_IRQHandler
                0x08006cc0                I2C1_ER_IRQHandler
                0x08006cc0                FMC_IRQHandler
                0x08006cc0                LPTIM1_IRQHandler
                0x08006cc0                I2C4_ER_IRQHandler
                0x08006cc0                DMA2_Stream6_IRQHandler
                0x08006cc0                SAI1_IRQHandler
                0x08006cc0                DMA1_Stream3_IRQHandler
 .text.HAL_Init
                0x08006cc2       0x1a ./Drivers/STM32F7xx_HAL_Driver/Src/stm32f7xx_hal.o
                0x08006cc2                HAL_Init
 .text.HAL_InitTick
                0x08006cdc       0x60 ./Drivers/STM32F7xx_HAL_Driver/Src/stm32f7xx_hal.o
                0x08006cdc                HAL_InitTick
 .text.HAL_IncTick
                0x08006d3c       0x28 ./Drivers/STM32F7xx_HAL_Driver/Src/stm32f7xx_hal.o
                0x08006d3c                HAL_IncTick
 .text.HAL_GetTick
                0x08006d64       0x18 ./Drivers/STM32F7xx_HAL_Driver/Src/stm32f7xx_hal.o
                0x08006d64                HAL_GetTick
 .text.HAL_Delay
                0x08006d7c       0x48 ./Drivers/STM32F7xx_HAL_Driver/Src/stm32f7xx_hal.o
                0x08006d7c                HAL_Delay
 .text.__NVIC_SetPriorityGrouping
                0x08006dc4       0x48 ./Drivers/STM32F7xx_HAL_Driver/Src/stm32f7xx_hal_cortex.o
 .text.__NVIC_GetPriorityGrouping
                0x08006e0c       0x1c ./Drivers/STM32F7xx_HAL_Driver/Src/stm32f7xx_hal_cortex.o
 .text.__NVIC_SetPriority
                0x08006e28       0x54 ./Drivers/STM32F7xx_HAL_Driver/Src/stm32f7xx_hal_cortex.o
 .text.NVIC_EncodePriority
                0x08006e7c       0x66 ./Drivers/STM32F7xx_HAL_Driver/Src/stm32f7xx_hal_cortex.o
 *fill*         0x08006ee2        0x2 
 .text.SysTick_Config
                0x08006ee4       0x44 ./Drivers/STM32F7xx_HAL_Driver/Src/stm32f7xx_hal_cortex.o
 .text.HAL_NVIC_SetPriorityGrouping
                0x08006f28       0x16 ./Drivers/STM32F7xx_HAL_Driver/Src/stm32f7xx_hal_cortex.o
                0x08006f28                HAL_NVIC_SetPriorityGrouping
 .text.HAL_NVIC_SetPriority
                0x08006f3e       0x38 ./Drivers/STM32F7xx_HAL_Driver/Src/stm32f7xx_hal_cortex.o
                0x08006f3e                HAL_NVIC_SetPriority
 .text.HAL_SYSTICK_Config
                0x08006f76       0x18 ./Drivers/STM32F7xx_HAL_Driver/Src/stm32f7xx_hal_cortex.o
                0x08006f76                HAL_SYSTICK_Config
 *fill*         0x08006f8e        0x2 
 .text.HAL_ETH_Init
                0x08006f90      0x134 ./Drivers/STM32F7xx_HAL_Driver/Src/stm32f7xx_hal_eth.o
                0x08006f90                HAL_ETH_Init
 .text.ETH_SetMACConfig
                0x080070c4      0x168 ./Drivers/STM32F7xx_HAL_Driver/Src/stm32f7xx_hal_eth.o
 .text.ETH_SetDMAConfig
                0x0800722c      0x114 ./Drivers/STM32F7xx_HAL_Driver/Src/stm32f7xx_hal_eth.o
 .text.ETH_MACDMAConfig
                0x08007340       0xea ./Drivers/STM32F7xx_HAL_Driver/Src/stm32f7xx_hal_eth.o
 *fill*         0x0800742a        0x2 
 .text.ETH_MACAddressConfig
                0x0800742c       0x70 ./Drivers/STM32F7xx_HAL_Driver/Src/stm32f7xx_hal_eth.o
 .text.ETH_DMATxDescListInit
                0x0800749c       0xb2 ./Drivers/STM32F7xx_HAL_Driver/Src/stm32f7xx_hal_eth.o
 .text.ETH_DMARxDescListInit
                0x0800754e       0xde ./Drivers/STM32F7xx_HAL_Driver/Src/stm32f7xx_hal_eth.o
 .text.HAL_GPIO_Init
                0x0800762c      0x358 ./Drivers/STM32F7xx_HAL_Driver/Src/stm32f7xx_hal_gpio.o
                0x0800762c                HAL_GPIO_Init
 .text.HAL_GPIO_ReadPin
                0x08007984       0x30 ./Drivers/STM32F7xx_HAL_Driver/Src/stm32f7xx_hal_gpio.o
                0x08007984                HAL_GPIO_ReadPin
 .text.HAL_GPIO_WritePin
                0x080079b4       0x32 ./Drivers/STM32F7xx_HAL_Driver/Src/stm32f7xx_hal_gpio.o
                0x080079b4                HAL_GPIO_WritePin
 .text.HAL_GPIO_TogglePin
                0x080079e6       0x34 ./Drivers/STM32F7xx_HAL_Driver/Src/stm32f7xx_hal_gpio.o
                0x080079e6                HAL_GPIO_TogglePin
 *fill*         0x08007a1a        0x2 
 .text.HAL_I2C_Init
                0x08007a1c      0x138 ./Drivers/STM32F7xx_HAL_Driver/Src/stm32f7xx_hal_i2c.o
                0x08007a1c                HAL_I2C_Init
 .text.HAL_I2C_Master_Transmit
                0x08007b54      0x230 ./Drivers/STM32F7xx_HAL_Driver/Src/stm32f7xx_hal_i2c.o
                0x08007b54                HAL_I2C_Master_Transmit
 .text.HAL_I2C_Mem_Write
                0x08007d84      0x228 ./Drivers/STM32F7xx_HAL_Driver/Src/stm32f7xx_hal_i2c.o
                0x08007d84                HAL_I2C_Mem_Write
 .text.HAL_I2C_Mem_Read
                0x08007fac      0x234 ./Drivers/STM32F7xx_HAL_Driver/Src/stm32f7xx_hal_i2c.o
                0x08007fac                HAL_I2C_Mem_Read
 .text.HAL_I2C_IsDeviceReady
                0x080081e0      0x20c ./Drivers/STM32F7xx_HAL_Driver/Src/stm32f7xx_hal_i2c.o
                0x080081e0                HAL_I2C_IsDeviceReady
 .text.I2C_RequestMemoryWrite
                0x080083ec       0xa8 ./Drivers/STM32F7xx_HAL_Driver/Src/stm32f7xx_hal_i2c.o
 .text.I2C_RequestMemoryRead
                0x08008494       0xa8 ./Drivers/STM32F7xx_HAL_Driver/Src/stm32f7xx_hal_i2c.o
 .text.I2C_Flush_TXDR
                0x0800853c       0x48 ./Drivers/STM32F7xx_HAL_Driver/Src/stm32f7xx_hal_i2c.o
 .text.I2C_WaitOnFlagUntilTimeout
                0x08008584       0xb2 ./Drivers/STM32F7xx_HAL_Driver/Src/stm32f7xx_hal_i2c.o
 .text.I2C_WaitOnTXISFlagUntilTimeout
                0x08008636       0x8e ./Drivers/STM32F7xx_HAL_Driver/Src/stm32f7xx_hal_i2c.o
 .text.I2C_WaitOnSTOPFlagUntilTimeout
                0x080086c4       0x86 ./Drivers/STM32F7xx_HAL_Driver/Src/stm32f7xx_hal_i2c.o
 *fill*         0x0800874a        0x2 
 .text.I2C_IsErrorOccurred
                0x0800874c      0x1c0 ./Drivers/STM32F7xx_HAL_Driver/Src/stm32f7xx_hal_i2c.o
 .text.I2C_TransferConfig
                0x0800890c       0x64 ./Drivers/STM32F7xx_HAL_Driver/Src/stm32f7xx_hal_i2c.o
 .text.HAL_I2CEx_ConfigAnalogFilter
                0x08008970       0x96 ./Drivers/STM32F7xx_HAL_Driver/Src/stm32f7xx_hal_i2c_ex.o
                0x08008970                HAL_I2CEx_ConfigAnalogFilter
 .text.HAL_I2CEx_ConfigDigitalFilter
                0x08008a06       0x98 ./Drivers/STM32F7xx_HAL_Driver/Src/stm32f7xx_hal_i2c_ex.o
                0x08008a06                HAL_I2CEx_ConfigDigitalFilter
 .text.HAL_PCD_Init
                0x08008a9e      0x22c ./Drivers/STM32F7xx_HAL_Driver/Src/stm32f7xx_hal_pcd.o
                0x08008a9e                HAL_PCD_Init
 *fill*         0x08008cca        0x2 
 .text.HAL_PCDEx_ActivateLPM
                0x08008ccc       0x48 ./Drivers/STM32F7xx_HAL_Driver/Src/stm32f7xx_hal_pcd_ex.o
                0x08008ccc                HAL_PCDEx_ActivateLPM
 .text.HAL_PWR_EnableBkUpAccess
                0x08008d14       0x20 ./Drivers/STM32F7xx_HAL_Driver/Src/stm32f7xx_hal_pwr.o
                0x08008d14                HAL_PWR_EnableBkUpAccess
 .text.HAL_RCC_OscConfig
                0x08008d34      0x548 ./Drivers/STM32F7xx_HAL_Driver/Src/stm32f7xx_hal_rcc.o
                0x08008d34                HAL_RCC_OscConfig
 .text.HAL_RCC_ClockConfig
                0x0800927c      0x1d8 ./Drivers/STM32F7xx_HAL_Driver/Src/stm32f7xx_hal_rcc.o
                0x0800927c                HAL_RCC_ClockConfig
 .text.HAL_RCC_GetSysClockFreq
                0x08009454      0x20c ./Drivers/STM32F7xx_HAL_Driver/Src/stm32f7xx_hal_rcc.o
                0x08009454                HAL_RCC_GetSysClockFreq
 .text.HAL_RCC_GetHCLKFreq
                0x08009660       0x18 ./Drivers/STM32F7xx_HAL_Driver/Src/stm32f7xx_hal_rcc.o
                0x08009660                HAL_RCC_GetHCLKFreq
 .text.HAL_RCC_GetPCLK1Freq
                0x08009678       0x28 ./Drivers/STM32F7xx_HAL_Driver/Src/stm32f7xx_hal_rcc.o
                0x08009678                HAL_RCC_GetPCLK1Freq
 .text.HAL_RCC_GetPCLK2Freq
                0x080096a0       0x28 ./Drivers/STM32F7xx_HAL_Driver/Src/stm32f7xx_hal_rcc.o
                0x080096a0                HAL_RCC_GetPCLK2Freq
 .text.HAL_RCCEx_PeriphCLKConfig
                0x080096c8      0x7e0 ./Drivers/STM32F7xx_HAL_Driver/Src/stm32f7xx_hal_rcc_ex.o
                0x080096c8                HAL_RCCEx_PeriphCLKConfig
 .text.HAL_UART_Init
                0x08009ea8       0x9c ./Drivers/STM32F7xx_HAL_Driver/Src/stm32f7xx_hal_uart.o
                0x08009ea8                HAL_UART_Init
 .text.HAL_UART_Transmit
                0x08009f44      0x112 ./Drivers/STM32F7xx_HAL_Driver/Src/stm32f7xx_hal_uart.o
                0x08009f44                HAL_UART_Transmit
 *fill*         0x0800a056        0x2 
 .text.UART_SetConfig
                0x0800a058      0x4c8 ./Drivers/STM32F7xx_HAL_Driver/Src/stm32f7xx_hal_uart.o
                0x0800a058                UART_SetConfig
 .text.UART_AdvFeatureConfig
                0x0800a520      0x144 ./Drivers/STM32F7xx_HAL_Driver/Src/stm32f7xx_hal_uart.o
                0x0800a520                UART_AdvFeatureConfig
 .text.UART_CheckIdleState
                0x0800a664       0xae ./Drivers/STM32F7xx_HAL_Driver/Src/stm32f7xx_hal_uart.o
                0x0800a664                UART_CheckIdleState
 .text.UART_WaitOnFlagUntilTimeout
                0x0800a712       0xda ./Drivers/STM32F7xx_HAL_Driver/Src/stm32f7xx_hal_uart.o
                0x0800a712                UART_WaitOnFlagUntilTimeout
 .text.UART_EndRxTransfer
                0x0800a7ec       0xc8 ./Drivers/STM32F7xx_HAL_Driver/Src/stm32f7xx_hal_uart.o
 .text.USB_CoreInit
                0x0800a8b4       0xb4 ./Drivers/STM32F7xx_HAL_Driver/Src/stm32f7xx_ll_usb.o
                0x0800a8b4                USB_CoreInit
 .text.USB_DisableGlobalInt
                0x0800a968       0x22 ./Drivers/STM32F7xx_HAL_Driver/Src/stm32f7xx_ll_usb.o
                0x0800a968                USB_DisableGlobalInt
 .text.USB_SetCurrentMode
                0x0800a98a       0x98 ./Drivers/STM32F7xx_HAL_Driver/Src/stm32f7xx_ll_usb.o
                0x0800a98a                USB_SetCurrentMode
 *fill*         0x0800aa22        0x2 
 .text.USB_DevInit
                0x0800aa24      0x2bc ./Drivers/STM32F7xx_HAL_Driver/Src/stm32f7xx_ll_usb.o
                0x0800aa24                USB_DevInit
 .text.USB_FlushTxFifo
                0x0800ace0       0x64 ./Drivers/STM32F7xx_HAL_Driver/Src/stm32f7xx_ll_usb.o
                0x0800ace0                USB_FlushTxFifo
 .text.USB_FlushRxFifo
                0x0800ad44       0x5c ./Drivers/STM32F7xx_HAL_Driver/Src/stm32f7xx_ll_usb.o
                0x0800ad44                USB_FlushRxFifo
 .text.USB_SetDevSpeed
                0x0800ada0       0x32 ./Drivers/STM32F7xx_HAL_Driver/Src/stm32f7xx_ll_usb.o
                0x0800ada0                USB_SetDevSpeed
 .text.USB_DevDisconnect
                0x0800add2       0x42 ./Drivers/STM32F7xx_HAL_Driver/Src/stm32f7xx_ll_usb.o
                0x0800add2                USB_DevDisconnect
 .text.USB_GetMode
                0x0800ae14       0x1c ./Drivers/STM32F7xx_HAL_Driver/Src/stm32f7xx_ll_usb.o
                0x0800ae14                USB_GetMode
 .text.USB_CoreReset
                0x0800ae30       0x70 ./Drivers/STM32F7xx_HAL_Driver/Src/stm32f7xx_ll_usb.o
 .text.__cvt    0x0800aea0       0xca C:/ST/STM32CubeIDE_1.18.1/STM32CubeIDE/plugins/com.st.stm32cube.ide.mcu.externaltools.gnu-tools-for-stm32.13.3.rel1.win32_1.0.0.202411081344/tools/bin/../lib/gcc/arm-none-eabi/13.3.1/../../../../arm-none-eabi/lib/thumb/v7e-m+fp/hard\libc_nano.a(libc_a-nano-vfprintf_float.o)
                0x0800aea0                __cvt
 .text.__exponent
                0x0800af6a       0x74 C:/ST/STM32CubeIDE_1.18.1/STM32CubeIDE/plugins/com.st.stm32cube.ide.mcu.externaltools.gnu-tools-for-stm32.13.3.rel1.win32_1.0.0.202411081344/tools/bin/../lib/gcc/arm-none-eabi/13.3.1/../../../../arm-none-eabi/lib/thumb/v7e-m+fp/hard\libc_nano.a(libc_a-nano-vfprintf_float.o)
                0x0800af6a                __exponent
 *fill*         0x0800afde        0x2 
 .text._printf_float
                0x0800afe0      0x454 C:/ST/STM32CubeIDE_1.18.1/STM32CubeIDE/plugins/com.st.stm32cube.ide.mcu.externaltools.gnu-tools-for-stm32.13.3.rel1.win32_1.0.0.202411081344/tools/bin/../lib/gcc/arm-none-eabi/13.3.1/../../../../arm-none-eabi/lib/thumb/v7e-m+fp/hard\libc_nano.a(libc_a-nano-vfprintf_float.o)
                0x0800afe0                _printf_float
 .text._printf_common
                0x0800b434       0xda C:/ST/STM32CubeIDE_1.18.1/STM32CubeIDE/plugins/com.st.stm32cube.ide.mcu.externaltools.gnu-tools-for-stm32.13.3.rel1.win32_1.0.0.202411081344/tools/bin/../lib/gcc/arm-none-eabi/13.3.1/../../../../arm-none-eabi/lib/thumb/v7e-m+fp/hard\libc_nano.a(libc_a-nano-vfprintf_i.o)
                0x0800b434                _printf_common
 *fill*         0x0800b50e        0x2 
 .text._printf_i
                0x0800b510      0x23c C:/ST/STM32CubeIDE_1.18.1/STM32CubeIDE/plugins/com.st.stm32cube.ide.mcu.externaltools.gnu-tools-for-stm32.13.3.rel1.win32_1.0.0.202411081344/tools/bin/../lib/gcc/arm-none-eabi/13.3.1/../../../../arm-none-eabi/lib/thumb/v7e-m+fp/hard\libc_nano.a(libc_a-nano-vfprintf_i.o)
                0x0800b510                _printf_i
 .text._scanf_float
                0x0800b74c      0x41c C:/ST/STM32CubeIDE_1.18.1/STM32CubeIDE/plugins/com.st.stm32cube.ide.mcu.externaltools.gnu-tools-for-stm32.13.3.rel1.win32_1.0.0.202411081344/tools/bin/../lib/gcc/arm-none-eabi/13.3.1/../../../../arm-none-eabi/lib/thumb/v7e-m+fp/hard\libc_nano.a(libc_a-nano-vfscanf_float.o)
                0x0800b74c                _scanf_float
 .text.std      0x0800bb68       0x6c C:/ST/STM32CubeIDE_1.18.1/STM32CubeIDE/plugins/com.st.stm32cube.ide.mcu.externaltools.gnu-tools-for-stm32.13.3.rel1.win32_1.0.0.202411081344/tools/bin/../lib/gcc/arm-none-eabi/13.3.1/../../../../arm-none-eabi/lib/thumb/v7e-m+fp/hard\libc_nano.a(libc_a-findfp.o)
 .text.stdio_exit_handler
                0x0800bbd4       0x18 C:/ST/STM32CubeIDE_1.18.1/STM32CubeIDE/plugins/com.st.stm32cube.ide.mcu.externaltools.gnu-tools-for-stm32.13.3.rel1.win32_1.0.0.202411081344/tools/bin/../lib/gcc/arm-none-eabi/13.3.1/../../../../arm-none-eabi/lib/thumb/v7e-m+fp/hard\libc_nano.a(libc_a-findfp.o)
 .text.cleanup_stdio
                0x0800bbec       0x40 C:/ST/STM32CubeIDE_1.18.1/STM32CubeIDE/plugins/com.st.stm32cube.ide.mcu.externaltools.gnu-tools-for-stm32.13.3.rel1.win32_1.0.0.202411081344/tools/bin/../lib/gcc/arm-none-eabi/13.3.1/../../../../arm-none-eabi/lib/thumb/v7e-m+fp/hard\libc_nano.a(libc_a-findfp.o)
 .text.global_stdio_init.part.0
                0x0800bc2c       0x3c C:/ST/STM32CubeIDE_1.18.1/STM32CubeIDE/plugins/com.st.stm32cube.ide.mcu.externaltools.gnu-tools-for-stm32.13.3.rel1.win32_1.0.0.202411081344/tools/bin/../lib/gcc/arm-none-eabi/13.3.1/../../../../arm-none-eabi/lib/thumb/v7e-m+fp/hard\libc_nano.a(libc_a-findfp.o)
 .text.__sfp_lock_acquire
                0x0800bc68        0xc C:/ST/STM32CubeIDE_1.18.1/STM32CubeIDE/plugins/com.st.stm32cube.ide.mcu.externaltools.gnu-tools-for-stm32.13.3.rel1.win32_1.0.0.202411081344/tools/bin/../lib/gcc/arm-none-eabi/13.3.1/../../../../arm-none-eabi/lib/thumb/v7e-m+fp/hard\libc_nano.a(libc_a-findfp.o)
                0x0800bc68                __sfp_lock_acquire
 .text.__sfp_lock_release
                0x0800bc74        0xc C:/ST/STM32CubeIDE_1.18.1/STM32CubeIDE/plugins/com.st.stm32cube.ide.mcu.externaltools.gnu-tools-for-stm32.13.3.rel1.win32_1.0.0.202411081344/tools/bin/../lib/gcc/arm-none-eabi/13.3.1/../../../../arm-none-eabi/lib/thumb/v7e-m+fp/hard\libc_nano.a(libc_a-findfp.o)
                0x0800bc74                __sfp_lock_release
 .text.__sinit  0x0800bc80       0x30 C:/ST/STM32CubeIDE_1.18.1/STM32CubeIDE/plugins/com.st.stm32cube.ide.mcu.externaltools.gnu-tools-for-stm32.13.3.rel1.win32_1.0.0.202411081344/tools/bin/../lib/gcc/arm-none-eabi/13.3.1/../../../../arm-none-eabi/lib/thumb/v7e-m+fp/hard\libc_nano.a(libc_a-findfp.o)
                0x0800bc80                __sinit
 .text._fwalk_sglue
                0x0800bcb0       0x3c C:/ST/STM32CubeIDE_1.18.1/STM32CubeIDE/plugins/com.st.stm32cube.ide.mcu.externaltools.gnu-tools-for-stm32.13.3.rel1.win32_1.0.0.202411081344/tools/bin/../lib/gcc/arm-none-eabi/13.3.1/../../../../arm-none-eabi/lib/thumb/v7e-m+fp/hard\libc_nano.a(libc_a-fwalk.o)
                0x0800bcb0                _fwalk_sglue
 .text.snprintf
                0x0800bcec       0x6c C:/ST/STM32CubeIDE_1.18.1/STM32CubeIDE/plugins/com.st.stm32cube.ide.mcu.externaltools.gnu-tools-for-stm32.13.3.rel1.win32_1.0.0.202411081344/tools/bin/../lib/gcc/arm-none-eabi/13.3.1/../../../../arm-none-eabi/lib/thumb/v7e-m+fp/hard\libc_nano.a(libc_a-snprintf.o)
                0x0800bcec                sniprintf
                0x0800bcec                snprintf
 .text.sprintf  0x0800bd58       0x44 C:/ST/STM32CubeIDE_1.18.1/STM32CubeIDE/plugins/com.st.stm32cube.ide.mcu.externaltools.gnu-tools-for-stm32.13.3.rel1.win32_1.0.0.202411081344/tools/bin/../lib/gcc/arm-none-eabi/13.3.1/../../../../arm-none-eabi/lib/thumb/v7e-m+fp/hard\libc_nano.a(libc_a-sprintf.o)
                0x0800bd58                siprintf
                0x0800bd58                sprintf
 .text.__sread  0x0800bd9c       0x22 C:/ST/STM32CubeIDE_1.18.1/STM32CubeIDE/plugins/com.st.stm32cube.ide.mcu.externaltools.gnu-tools-for-stm32.13.3.rel1.win32_1.0.0.202411081344/tools/bin/../lib/gcc/arm-none-eabi/13.3.1/../../../../arm-none-eabi/lib/thumb/v7e-m+fp/hard\libc_nano.a(libc_a-stdio.o)
                0x0800bd9c                __sread
 .text.__swrite
                0x0800bdbe       0x38 C:/ST/STM32CubeIDE_1.18.1/STM32CubeIDE/plugins/com.st.stm32cube.ide.mcu.externaltools.gnu-tools-for-stm32.13.3.rel1.win32_1.0.0.202411081344/tools/bin/../lib/gcc/arm-none-eabi/13.3.1/../../../../arm-none-eabi/lib/thumb/v7e-m+fp/hard\libc_nano.a(libc_a-stdio.o)
                0x0800bdbe                __swrite
 .text.__sseek  0x0800bdf6       0x24 C:/ST/STM32CubeIDE_1.18.1/STM32CubeIDE/plugins/com.st.stm32cube.ide.mcu.externaltools.gnu-tools-for-stm32.13.3.rel1.win32_1.0.0.202411081344/tools/bin/../lib/gcc/arm-none-eabi/13.3.1/../../../../arm-none-eabi/lib/thumb/v7e-m+fp/hard\libc_nano.a(libc_a-stdio.o)
                0x0800bdf6                __sseek
 .text.__sclose
                0x0800be1a        0x8 C:/ST/STM32CubeIDE_1.18.1/STM32CubeIDE/plugins/com.st.stm32cube.ide.mcu.externaltools.gnu-tools-for-stm32.13.3.rel1.win32_1.0.0.202411081344/tools/bin/../lib/gcc/arm-none-eabi/13.3.1/../../../../arm-none-eabi/lib/thumb/v7e-m+fp/hard\libc_nano.a(libc_a-stdio.o)
                0x0800be1a                __sclose
 .text._vsnprintf_r
                0x0800be22       0x5c C:/ST/STM32CubeIDE_1.18.1/STM32CubeIDE/plugins/com.st.stm32cube.ide.mcu.externaltools.gnu-tools-for-stm32.13.3.rel1.win32_1.0.0.202411081344/tools/bin/../lib/gcc/arm-none-eabi/13.3.1/../../../../arm-none-eabi/lib/thumb/v7e-m+fp/hard\libc_nano.a(libc_a-vsnprintf.o)
                0x0800be22                _vsniprintf_r
                0x0800be22                _vsnprintf_r
 *fill*         0x0800be7e        0x2 
 .text.vsnprintf
                0x0800be80       0x1c C:/ST/STM32CubeIDE_1.18.1/STM32CubeIDE/plugins/com.st.stm32cube.ide.mcu.externaltools.gnu-tools-for-stm32.13.3.rel1.win32_1.0.0.202411081344/tools/bin/../lib/gcc/arm-none-eabi/13.3.1/../../../../arm-none-eabi/lib/thumb/v7e-m+fp/hard\libc_nano.a(libc_a-vsnprintf.o)
                0x0800be80                vsniprintf
                0x0800be80                vsnprintf
 .text.memset   0x0800be9c       0x10 C:/ST/STM32CubeIDE_1.18.1/STM32CubeIDE/plugins/com.st.stm32cube.ide.mcu.externaltools.gnu-tools-for-stm32.13.3.rel1.win32_1.0.0.202411081344/tools/bin/../lib/gcc/arm-none-eabi/13.3.1/../../../../arm-none-eabi/lib/thumb/v7e-m+fp/hard\libc_nano.a(libc_a-memset.o)
                0x0800be9c                memset
 .text._localeconv_r
                0x0800beac        0x8 C:/ST/STM32CubeIDE_1.18.1/STM32CubeIDE/plugins/com.st.stm32cube.ide.mcu.externaltools.gnu-tools-for-stm32.13.3.rel1.win32_1.0.0.202411081344/tools/bin/../lib/gcc/arm-none-eabi/13.3.1/../../../../arm-none-eabi/lib/thumb/v7e-m+fp/hard\libc_nano.a(libc_a-localeconv.o)
                0x0800beac                _localeconv_r
 .text._close_r
                0x0800beb4       0x20 C:/ST/STM32CubeIDE_1.18.1/STM32CubeIDE/plugins/com.st.stm32cube.ide.mcu.externaltools.gnu-tools-for-stm32.13.3.rel1.win32_1.0.0.202411081344/tools/bin/../lib/gcc/arm-none-eabi/13.3.1/../../../../arm-none-eabi/lib/thumb/v7e-m+fp/hard\libc_nano.a(libc_a-closer.o)
                0x0800beb4                _close_r
 .text._lseek_r
                0x0800bed4       0x24 C:/ST/STM32CubeIDE_1.18.1/STM32CubeIDE/plugins/com.st.stm32cube.ide.mcu.externaltools.gnu-tools-for-stm32.13.3.rel1.win32_1.0.0.202411081344/tools/bin/../lib/gcc/arm-none-eabi/13.3.1/../../../../arm-none-eabi/lib/thumb/v7e-m+fp/hard\libc_nano.a(libc_a-lseekr.o)
                0x0800bed4                _lseek_r
 .text._read_r  0x0800bef8       0x24 C:/ST/STM32CubeIDE_1.18.1/STM32CubeIDE/plugins/com.st.stm32cube.ide.mcu.externaltools.gnu-tools-for-stm32.13.3.rel1.win32_1.0.0.202411081344/tools/bin/../lib/gcc/arm-none-eabi/13.3.1/../../../../arm-none-eabi/lib/thumb/v7e-m+fp/hard\libc_nano.a(libc_a-readr.o)
                0x0800bef8                _read_r
 .text._write_r
                0x0800bf1c       0x24 C:/ST/STM32CubeIDE_1.18.1/STM32CubeIDE/plugins/com.st.stm32cube.ide.mcu.externaltools.gnu-tools-for-stm32.13.3.rel1.win32_1.0.0.202411081344/tools/bin/../lib/gcc/arm-none-eabi/13.3.1/../../../../arm-none-eabi/lib/thumb/v7e-m+fp/hard\libc_nano.a(libc_a-writer.o)
                0x0800bf1c                _write_r
 .text.__errno  0x0800bf40        0xc C:/ST/STM32CubeIDE_1.18.1/STM32CubeIDE/plugins/com.st.stm32cube.ide.mcu.externaltools.gnu-tools-for-stm32.13.3.rel1.win32_1.0.0.202411081344/tools/bin/../lib/gcc/arm-none-eabi/13.3.1/../../../../arm-none-eabi/lib/thumb/v7e-m+fp/hard\libc_nano.a(libc_a-errno.o)
                0x0800bf40                __errno
 .text.__libc_init_array
                0x0800bf4c       0x48 C:/ST/STM32CubeIDE_1.18.1/STM32CubeIDE/plugins/com.st.stm32cube.ide.mcu.externaltools.gnu-tools-for-stm32.13.3.rel1.win32_1.0.0.202411081344/tools/bin/../lib/gcc/arm-none-eabi/13.3.1/../../../../arm-none-eabi/lib/thumb/v7e-m+fp/hard\libc_nano.a(libc_a-init.o)
                0x0800bf4c                __libc_init_array
 .text.__retarget_lock_init_recursive
                0x0800bf94        0x2 C:/ST/STM32CubeIDE_1.18.1/STM32CubeIDE/plugins/com.st.stm32cube.ide.mcu.externaltools.gnu-tools-for-stm32.13.3.rel1.win32_1.0.0.202411081344/tools/bin/../lib/gcc/arm-none-eabi/13.3.1/../../../../arm-none-eabi/lib/thumb/v7e-m+fp/hard\libc_nano.a(libc_a-lock.o)
                0x0800bf94                __retarget_lock_init_recursive
 .text.__retarget_lock_acquire_recursive
                0x0800bf96        0x2 C:/ST/STM32CubeIDE_1.18.1/STM32CubeIDE/plugins/com.st.stm32cube.ide.mcu.externaltools.gnu-tools-for-stm32.13.3.rel1.win32_1.0.0.202411081344/tools/bin/../lib/gcc/arm-none-eabi/13.3.1/../../../../arm-none-eabi/lib/thumb/v7e-m+fp/hard\libc_nano.a(libc_a-lock.o)
                0x0800bf96                __retarget_lock_acquire_recursive
 .text.__retarget_lock_release_recursive
                0x0800bf98        0x2 C:/ST/STM32CubeIDE_1.18.1/STM32CubeIDE/plugins/com.st.stm32cube.ide.mcu.externaltools.gnu-tools-for-stm32.13.3.rel1.win32_1.0.0.202411081344/tools/bin/../lib/gcc/arm-none-eabi/13.3.1/../../../../arm-none-eabi/lib/thumb/v7e-m+fp/hard\libc_nano.a(libc_a-lock.o)
                0x0800bf98                __retarget_lock_release_recursive
 .text.memcpy   0x0800bf9a       0x1c C:/ST/STM32CubeIDE_1.18.1/STM32CubeIDE/plugins/com.st.stm32cube.ide.mcu.externaltools.gnu-tools-for-stm32.13.3.rel1.win32_1.0.0.202411081344/tools/bin/../lib/gcc/arm-none-eabi/13.3.1/../../../../arm-none-eabi/lib/thumb/v7e-m+fp/hard\libc_nano.a(libc_a-memcpy-stub.o)
                0x0800bf9a                memcpy
 *fill*         0x0800bfb6        0x2 
 .text.nanf     0x0800bfb8        0xc C:/ST/STM32CubeIDE_1.18.1/STM32CubeIDE/plugins/com.st.stm32cube.ide.mcu.externaltools.gnu-tools-for-stm32.13.3.rel1.win32_1.0.0.202411081344/tools/bin/../lib/gcc/arm-none-eabi/13.3.1/../../../../arm-none-eabi/lib/thumb/v7e-m+fp/hard\libc_nano.a(libm_a-sf_nan.o)
                0x0800bfb8                nanf
 .text.quorem   0x0800bfc4      0x110 C:/ST/STM32CubeIDE_1.18.1/STM32CubeIDE/plugins/com.st.stm32cube.ide.mcu.externaltools.gnu-tools-for-stm32.13.3.rel1.win32_1.0.0.202411081344/tools/bin/../lib/gcc/arm-none-eabi/13.3.1/../../../../arm-none-eabi/lib/thumb/v7e-m+fp/hard\libc_nano.a(libc_a-dtoa.o)
 *fill*         0x0800c0d4        0x4 
 .text._dtoa_r  0x0800c0d8      0xba0 C:/ST/STM32CubeIDE_1.18.1/STM32CubeIDE/plugins/com.st.stm32cube.ide.mcu.externaltools.gnu-tools-for-stm32.13.3.rel1.win32_1.0.0.202411081344/tools/bin/../lib/gcc/arm-none-eabi/13.3.1/../../../../arm-none-eabi/lib/thumb/v7e-m+fp/hard\libc_nano.a(libc_a-dtoa.o)
                0x0800c0d8                _dtoa_r
 .text._free_r  0x0800cc78       0x94 C:/ST/STM32CubeIDE_1.18.1/STM32CubeIDE/plugins/com.st.stm32cube.ide.mcu.externaltools.gnu-tools-for-stm32.13.3.rel1.win32_1.0.0.202411081344/tools/bin/../lib/gcc/arm-none-eabi/13.3.1/../../../../arm-none-eabi/lib/thumb/v7e-m+fp/hard\libc_nano.a(libc_a-freer.o)
                0x0800cc78                _free_r
 .text.malloc   0x0800cd0c       0x10 C:/ST/STM32CubeIDE_1.18.1/STM32CubeIDE/plugins/com.st.stm32cube.ide.mcu.externaltools.gnu-tools-for-stm32.13.3.rel1.win32_1.0.0.202411081344/tools/bin/../lib/gcc/arm-none-eabi/13.3.1/../../../../arm-none-eabi/lib/thumb/v7e-m+fp/hard\libc_nano.a(libc_a-malloc.o)
                0x0800cd0c                malloc
 .text.sbrk_aligned
                0x0800cd1c       0x44 C:/ST/STM32CubeIDE_1.18.1/STM32CubeIDE/plugins/com.st.stm32cube.ide.mcu.externaltools.gnu-tools-for-stm32.13.3.rel1.win32_1.0.0.202411081344/tools/bin/../lib/gcc/arm-none-eabi/13.3.1/../../../../arm-none-eabi/lib/thumb/v7e-m+fp/hard\libc_nano.a(libc_a-mallocr.o)
 .text._malloc_r
                0x0800cd60      0x100 C:/ST/STM32CubeIDE_1.18.1/STM32CubeIDE/plugins/com.st.stm32cube.ide.mcu.externaltools.gnu-tools-for-stm32.13.3.rel1.win32_1.0.0.202411081344/tools/bin/../lib/gcc/arm-none-eabi/13.3.1/../../../../arm-none-eabi/lib/thumb/v7e-m+fp/hard\libc_nano.a(libc_a-mallocr.o)
                0x0800cd60                _malloc_r
 .text.__malloc_lock
                0x0800ce60        0xc C:/ST/STM32CubeIDE_1.18.1/STM32CubeIDE/plugins/com.st.stm32cube.ide.mcu.externaltools.gnu-tools-for-stm32.13.3.rel1.win32_1.0.0.202411081344/tools/bin/../lib/gcc/arm-none-eabi/13.3.1/../../../../arm-none-eabi/lib/thumb/v7e-m+fp/hard\libc_nano.a(libc_a-mlock.o)
                0x0800ce60                __malloc_lock
 .text.__malloc_unlock
                0x0800ce6c        0xc C:/ST/STM32CubeIDE_1.18.1/STM32CubeIDE/plugins/com.st.stm32cube.ide.mcu.externaltools.gnu-tools-for-stm32.13.3.rel1.win32_1.0.0.202411081344/tools/bin/../lib/gcc/arm-none-eabi/13.3.1/../../../../arm-none-eabi/lib/thumb/v7e-m+fp/hard\libc_nano.a(libc_a-mlock.o)
                0x0800ce6c                __malloc_unlock
 .text._Balloc  0x0800ce78       0x80 C:/ST/STM32CubeIDE_1.18.1/STM32CubeIDE/plugins/com.st.stm32cube.ide.mcu.externaltools.gnu-tools-for-stm32.13.3.rel1.win32_1.0.0.202411081344/tools/bin/../lib/gcc/arm-none-eabi/13.3.1/../../../../arm-none-eabi/lib/thumb/v7e-m+fp/hard\libc_nano.a(libc_a-mprec.o)
                0x0800ce78                _Balloc
 .text._Bfree   0x0800cef8       0x44 C:/ST/STM32CubeIDE_1.18.1/STM32CubeIDE/plugins/com.st.stm32cube.ide.mcu.externaltools.gnu-tools-for-stm32.13.3.rel1.win32_1.0.0.202411081344/tools/bin/../lib/gcc/arm-none-eabi/13.3.1/../../../../arm-none-eabi/lib/thumb/v7e-m+fp/hard\libc_nano.a(libc_a-mprec.o)
                0x0800cef8                _Bfree
 .text.__multadd
                0x0800cf3c       0x8c C:/ST/STM32CubeIDE_1.18.1/STM32CubeIDE/plugins/com.st.stm32cube.ide.mcu.externaltools.gnu-tools-for-stm32.13.3.rel1.win32_1.0.0.202411081344/tools/bin/../lib/gcc/arm-none-eabi/13.3.1/../../../../arm-none-eabi/lib/thumb/v7e-m+fp/hard\libc_nano.a(libc_a-mprec.o)
                0x0800cf3c                __multadd
 .text.__s2b    0x0800cfc8       0x94 C:/ST/STM32CubeIDE_1.18.1/STM32CubeIDE/plugins/com.st.stm32cube.ide.mcu.externaltools.gnu-tools-for-stm32.13.3.rel1.win32_1.0.0.202411081344/tools/bin/../lib/gcc/arm-none-eabi/13.3.1/../../../../arm-none-eabi/lib/thumb/v7e-m+fp/hard\libc_nano.a(libc_a-mprec.o)
                0x0800cfc8                __s2b
 .text.__hi0bits
                0x0800d05c       0x3e C:/ST/STM32CubeIDE_1.18.1/STM32CubeIDE/plugins/com.st.stm32cube.ide.mcu.externaltools.gnu-tools-for-stm32.13.3.rel1.win32_1.0.0.202411081344/tools/bin/../lib/gcc/arm-none-eabi/13.3.1/../../../../arm-none-eabi/lib/thumb/v7e-m+fp/hard\libc_nano.a(libc_a-mprec.o)
                0x0800d05c                __hi0bits
 .text.__lo0bits
                0x0800d09a       0x5a C:/ST/STM32CubeIDE_1.18.1/STM32CubeIDE/plugins/com.st.stm32cube.ide.mcu.externaltools.gnu-tools-for-stm32.13.3.rel1.win32_1.0.0.202411081344/tools/bin/../lib/gcc/arm-none-eabi/13.3.1/../../../../arm-none-eabi/lib/thumb/v7e-m+fp/hard\libc_nano.a(libc_a-mprec.o)
                0x0800d09a                __lo0bits
 .text.__i2b    0x0800d0f4       0x2c C:/ST/STM32CubeIDE_1.18.1/STM32CubeIDE/plugins/com.st.stm32cube.ide.mcu.externaltools.gnu-tools-for-stm32.13.3.rel1.win32_1.0.0.202411081344/tools/bin/../lib/gcc/arm-none-eabi/13.3.1/../../../../arm-none-eabi/lib/thumb/v7e-m+fp/hard\libc_nano.a(libc_a-mprec.o)
                0x0800d0f4                __i2b
 .text.__multiply
                0x0800d120      0x144 C:/ST/STM32CubeIDE_1.18.1/STM32CubeIDE/plugins/com.st.stm32cube.ide.mcu.externaltools.gnu-tools-for-stm32.13.3.rel1.win32_1.0.0.202411081344/tools/bin/../lib/gcc/arm-none-eabi/13.3.1/../../../../arm-none-eabi/lib/thumb/v7e-m+fp/hard\libc_nano.a(libc_a-mprec.o)
                0x0800d120                __multiply
 .text.__pow5mult
                0x0800d264       0xb4 C:/ST/STM32CubeIDE_1.18.1/STM32CubeIDE/plugins/com.st.stm32cube.ide.mcu.externaltools.gnu-tools-for-stm32.13.3.rel1.win32_1.0.0.202411081344/tools/bin/../lib/gcc/arm-none-eabi/13.3.1/../../../../arm-none-eabi/lib/thumb/v7e-m+fp/hard\libc_nano.a(libc_a-mprec.o)
                0x0800d264                __pow5mult
 .text.__lshift
                0x0800d318       0xd8 C:/ST/STM32CubeIDE_1.18.1/STM32CubeIDE/plugins/com.st.stm32cube.ide.mcu.externaltools.gnu-tools-for-stm32.13.3.rel1.win32_1.0.0.202411081344/tools/bin/../lib/gcc/arm-none-eabi/13.3.1/../../../../arm-none-eabi/lib/thumb/v7e-m+fp/hard\libc_nano.a(libc_a-mprec.o)
                0x0800d318                __lshift
 .text.__mcmp   0x0800d3f0       0x36 C:/ST/STM32CubeIDE_1.18.1/STM32CubeIDE/plugins/com.st.stm32cube.ide.mcu.externaltools.gnu-tools-for-stm32.13.3.rel1.win32_1.0.0.202411081344/tools/bin/../lib/gcc/arm-none-eabi/13.3.1/../../../../arm-none-eabi/lib/thumb/v7e-m+fp/hard\libc_nano.a(libc_a-mprec.o)
                0x0800d3f0                __mcmp
 *fill*         0x0800d426        0x2 
 .text.__mdiff  0x0800d428      0x128 C:/ST/STM32CubeIDE_1.18.1/STM32CubeIDE/plugins/com.st.stm32cube.ide.mcu.externaltools.gnu-tools-for-stm32.13.3.rel1.win32_1.0.0.202411081344/tools/bin/../lib/gcc/arm-none-eabi/13.3.1/../../../../arm-none-eabi/lib/thumb/v7e-m+fp/hard\libc_nano.a(libc_a-mprec.o)
                0x0800d428                __mdiff
 .text.__ulp    0x0800d550       0x4c C:/ST/STM32CubeIDE_1.18.1/STM32CubeIDE/plugins/com.st.stm32cube.ide.mcu.externaltools.gnu-tools-for-stm32.13.3.rel1.win32_1.0.0.202411081344/tools/bin/../lib/gcc/arm-none-eabi/13.3.1/../../../../arm-none-eabi/lib/thumb/v7e-m+fp/hard\libc_nano.a(libc_a-mprec.o)
                0x0800d550                __ulp
 .text.__b2d    0x0800d59c       0x94 C:/ST/STM32CubeIDE_1.18.1/STM32CubeIDE/plugins/com.st.stm32cube.ide.mcu.externaltools.gnu-tools-for-stm32.13.3.rel1.win32_1.0.0.202411081344/tools/bin/../lib/gcc/arm-none-eabi/13.3.1/../../../../arm-none-eabi/lib/thumb/v7e-m+fp/hard\libc_nano.a(libc_a-mprec.o)
                0x0800d59c                __b2d
 .text.__d2b    0x0800d630       0xb0 C:/ST/STM32CubeIDE_1.18.1/STM32CubeIDE/plugins/com.st.stm32cube.ide.mcu.externaltools.gnu-tools-for-stm32.13.3.rel1.win32_1.0.0.202411081344/tools/bin/../lib/gcc/arm-none-eabi/13.3.1/../../../../arm-none-eabi/lib/thumb/v7e-m+fp/hard\libc_nano.a(libc_a-mprec.o)
                0x0800d630                __d2b
 .text.__ratio  0x0800d6e0       0x64 C:/ST/STM32CubeIDE_1.18.1/STM32CubeIDE/plugins/com.st.stm32cube.ide.mcu.externaltools.gnu-tools-for-stm32.13.3.rel1.win32_1.0.0.202411081344/tools/bin/../lib/gcc/arm-none-eabi/13.3.1/../../../../arm-none-eabi/lib/thumb/v7e-m+fp/hard\libc_nano.a(libc_a-mprec.o)
                0x0800d6e0                __ratio
 .text.__copybits
                0x0800d744       0x46 C:/ST/STM32CubeIDE_1.18.1/STM32CubeIDE/plugins/com.st.stm32cube.ide.mcu.externaltools.gnu-tools-for-stm32.13.3.rel1.win32_1.0.0.202411081344/tools/bin/../lib/gcc/arm-none-eabi/13.3.1/../../../../arm-none-eabi/lib/thumb/v7e-m+fp/hard\libc_nano.a(libc_a-mprec.o)
                0x0800d744                __copybits
 .text.__any_on
                0x0800d78a       0x42 C:/ST/STM32CubeIDE_1.18.1/STM32CubeIDE/plugins/com.st.stm32cube.ide.mcu.externaltools.gnu-tools-for-stm32.13.3.rel1.win32_1.0.0.202411081344/tools/bin/../lib/gcc/arm-none-eabi/13.3.1/../../../../arm-none-eabi/lib/thumb/v7e-m+fp/hard\libc_nano.a(libc_a-mprec.o)
                0x0800d78a                __any_on
 .text.sulp     0x0800d7cc       0x3c C:/ST/STM32CubeIDE_1.18.1/STM32CubeIDE/plugins/com.st.stm32cube.ide.mcu.externaltools.gnu-tools-for-stm32.13.3.rel1.win32_1.0.0.202411081344/tools/bin/../lib/gcc/arm-none-eabi/13.3.1/../../../../arm-none-eabi/lib/thumb/v7e-m+fp/hard\libc_nano.a(libc_a-strtod.o)
 .text._strtod_l
                0x0800d808      0xbc8 C:/ST/STM32CubeIDE_1.18.1/STM32CubeIDE/plugins/com.st.stm32cube.ide.mcu.externaltools.gnu-tools-for-stm32.13.3.rel1.win32_1.0.0.202411081344/tools/bin/../lib/gcc/arm-none-eabi/13.3.1/../../../../arm-none-eabi/lib/thumb/v7e-m+fp/hard\libc_nano.a(libc_a-strtod.o)
                0x0800d808                _strtod_l
 .text._strtod_r
                0x0800e3d0        0xc C:/ST/STM32CubeIDE_1.18.1/STM32CubeIDE/plugins/com.st.stm32cube.ide.mcu.externaltools.gnu-tools-for-stm32.13.3.rel1.win32_1.0.0.202411081344/tools/bin/../lib/gcc/arm-none-eabi/13.3.1/../../../../arm-none-eabi/lib/thumb/v7e-m+fp/hard\libc_nano.a(libc_a-strtod.o)
                0x0800e3d0                _strtod_r
 .text._strtol_l.isra.0
                0x0800e3dc       0xf4 C:/ST/STM32CubeIDE_1.18.1/STM32CubeIDE/plugins/com.st.stm32cube.ide.mcu.externaltools.gnu-tools-for-stm32.13.3.rel1.win32_1.0.0.202411081344/tools/bin/../lib/gcc/arm-none-eabi/13.3.1/../../../../arm-none-eabi/lib/thumb/v7e-m+fp/hard\libc_nano.a(libc_a-strtol.o)
 .text._strtol_r
                0x0800e4d0        0x4 C:/ST/STM32CubeIDE_1.18.1/STM32CubeIDE/plugins/com.st.stm32cube.ide.mcu.externaltools.gnu-tools-for-stm32.13.3.rel1.win32_1.0.0.202411081344/tools/bin/../lib/gcc/arm-none-eabi/13.3.1/../../../../arm-none-eabi/lib/thumb/v7e-m+fp/hard\libc_nano.a(libc_a-strtol.o)
                0x0800e4d0                _strtol_r
 .text.__ssputs_r
                0x0800e4d4       0xb6 C:/ST/STM32CubeIDE_1.18.1/STM32CubeIDE/plugins/com.st.stm32cube.ide.mcu.externaltools.gnu-tools-for-stm32.13.3.rel1.win32_1.0.0.202411081344/tools/bin/../lib/gcc/arm-none-eabi/13.3.1/../../../../arm-none-eabi/lib/thumb/v7e-m+fp/hard\libc_nano.a(libc_a-nano-svfprintf.o)
                0x0800e4d4                __ssputs_r
 *fill*         0x0800e58a        0x2 
 .text._svfprintf_r
                0x0800e58c      0x1f8 C:/ST/STM32CubeIDE_1.18.1/STM32CubeIDE/plugins/com.st.stm32cube.ide.mcu.externaltools.gnu-tools-for-stm32.13.3.rel1.win32_1.0.0.202411081344/tools/bin/../lib/gcc/arm-none-eabi/13.3.1/../../../../arm-none-eabi/lib/thumb/v7e-m+fp/hard\libc_nano.a(libc_a-nano-svfprintf.o)
                0x0800e58c                _svfiprintf_r
                0x0800e58c                _svfprintf_r
 .text.__sflush_r
                0x0800e784      0x108 C:/ST/STM32CubeIDE_1.18.1/STM32CubeIDE/plugins/com.st.stm32cube.ide.mcu.externaltools.gnu-tools-for-stm32.13.3.rel1.win32_1.0.0.202411081344/tools/bin/../lib/gcc/arm-none-eabi/13.3.1/../../../../arm-none-eabi/lib/thumb/v7e-m+fp/hard\libc_nano.a(libc_a-fflush.o)
                0x0800e784                __sflush_r
 .text._fflush_r
                0x0800e88c       0x50 C:/ST/STM32CubeIDE_1.18.1/STM32CubeIDE/plugins/com.st.stm32cube.ide.mcu.externaltools.gnu-tools-for-stm32.13.3.rel1.win32_1.0.0.202411081344/tools/bin/../lib/gcc/arm-none-eabi/13.3.1/../../../../arm-none-eabi/lib/thumb/v7e-m+fp/hard\libc_nano.a(libc_a-fflush.o)
                0x0800e88c                _fflush_r
 .text.memmove  0x0800e8dc       0x34 C:/ST/STM32CubeIDE_1.18.1/STM32CubeIDE/plugins/com.st.stm32cube.ide.mcu.externaltools.gnu-tools-for-stm32.13.3.rel1.win32_1.0.0.202411081344/tools/bin/../lib/gcc/arm-none-eabi/13.3.1/../../../../arm-none-eabi/lib/thumb/v7e-m+fp/hard\libc_nano.a(libc_a-memmove.o)
                0x0800e8dc                memmove
 .text.strncmp  0x0800e910       0x24 C:/ST/STM32CubeIDE_1.18.1/STM32CubeIDE/plugins/com.st.stm32cube.ide.mcu.externaltools.gnu-tools-for-stm32.13.3.rel1.win32_1.0.0.202411081344/tools/bin/../lib/gcc/arm-none-eabi/13.3.1/../../../../arm-none-eabi/lib/thumb/v7e-m+fp/hard\libc_nano.a(libc_a-strncmp.o)
                0x0800e910                strncmp
 .text._sbrk_r  0x0800e934       0x20 C:/ST/STM32CubeIDE_1.18.1/STM32CubeIDE/plugins/com.st.stm32cube.ide.mcu.externaltools.gnu-tools-for-stm32.13.3.rel1.win32_1.0.0.202411081344/tools/bin/../lib/gcc/arm-none-eabi/13.3.1/../../../../arm-none-eabi/lib/thumb/v7e-m+fp/hard\libc_nano.a(libc_a-sbrkr.o)
                0x0800e934                _sbrk_r
 *fill*         0x0800e954        0x4 
 .text.nan      0x0800e958       0x10 C:/ST/STM32CubeIDE_1.18.1/STM32CubeIDE/plugins/com.st.stm32cube.ide.mcu.externaltools.gnu-tools-for-stm32.13.3.rel1.win32_1.0.0.202411081344/tools/bin/../lib/gcc/arm-none-eabi/13.3.1/../../../../arm-none-eabi/lib/thumb/v7e-m+fp/hard\libc_nano.a(libm_a-s_nan.o)
                0x0800e958                nan
 .text.__assert_func
                0x0800e968       0x3c C:/ST/STM32CubeIDE_1.18.1/STM32CubeIDE/plugins/com.st.stm32cube.ide.mcu.externaltools.gnu-tools-for-stm32.13.3.rel1.win32_1.0.0.202411081344/tools/bin/../lib/gcc/arm-none-eabi/13.3.1/../../../../arm-none-eabi/lib/thumb/v7e-m+fp/hard\libc_nano.a(libc_a-assert.o)
                0x0800e968                __assert_func
 .text._calloc_r
                0x0800e9a4       0x28 C:/ST/STM32CubeIDE_1.18.1/STM32CubeIDE/plugins/com.st.stm32cube.ide.mcu.externaltools.gnu-tools-for-stm32.13.3.rel1.win32_1.0.0.202411081344/tools/bin/../lib/gcc/arm-none-eabi/13.3.1/../../../../arm-none-eabi/lib/thumb/v7e-m+fp/hard\libc_nano.a(libc_a-callocr.o)
                0x0800e9a4                _calloc_r
 .text.rshift   0x0800e9cc       0xa4 C:/ST/STM32CubeIDE_1.18.1/STM32CubeIDE/plugins/com.st.stm32cube.ide.mcu.externaltools.gnu-tools-for-stm32.13.3.rel1.win32_1.0.0.202411081344/tools/bin/../lib/gcc/arm-none-eabi/13.3.1/../../../../arm-none-eabi/lib/thumb/v7e-m+fp/hard\libc_nano.a(libc_a-gdtoa-gethex.o)
 .text.__hexdig_fun
                0x0800ea70       0x2a C:/ST/STM32CubeIDE_1.18.1/STM32CubeIDE/plugins/com.st.stm32cube.ide.mcu.externaltools.gnu-tools-for-stm32.13.3.rel1.win32_1.0.0.202411081344/tools/bin/../lib/gcc/arm-none-eabi/13.3.1/../../../../arm-none-eabi/lib/thumb/v7e-m+fp/hard\libc_nano.a(libc_a-gdtoa-gethex.o)
                0x0800ea70                __hexdig_fun
 *fill*         0x0800ea9a        0x2 
 .text.__gethex
                0x0800ea9c      0x420 C:/ST/STM32CubeIDE_1.18.1/STM32CubeIDE/plugins/com.st.stm32cube.ide.mcu.externaltools.gnu-tools-for-stm32.13.3.rel1.win32_1.0.0.202411081344/tools/bin/../lib/gcc/arm-none-eabi/13.3.1/../../../../arm-none-eabi/lib/thumb/v7e-m+fp/hard\libc_nano.a(libc_a-gdtoa-gethex.o)
                0x0800ea9c                __gethex
 .text.L_shift  0x0800eebc       0x24 C:/ST/STM32CubeIDE_1.18.1/STM32CubeIDE/plugins/com.st.stm32cube.ide.mcu.externaltools.gnu-tools-for-stm32.13.3.rel1.win32_1.0.0.202411081344/tools/bin/../lib/gcc/arm-none-eabi/13.3.1/../../../../arm-none-eabi/lib/thumb/v7e-m+fp/hard\libc_nano.a(libc_a-gdtoa-hexnan.o)
 .text.__match  0x0800eee0       0x28 C:/ST/STM32CubeIDE_1.18.1/STM32CubeIDE/plugins/com.st.stm32cube.ide.mcu.externaltools.gnu-tools-for-stm32.13.3.rel1.win32_1.0.0.202411081344/tools/bin/../lib/gcc/arm-none-eabi/13.3.1/../../../../arm-none-eabi/lib/thumb/v7e-m+fp/hard\libc_nano.a(libc_a-gdtoa-hexnan.o)
                0x0800eee0                __match
 .text.__hexnan
                0x0800ef08      0x136 C:/ST/STM32CubeIDE_1.18.1/STM32CubeIDE/plugins/com.st.stm32cube.ide.mcu.externaltools.gnu-tools-for-stm32.13.3.rel1.win32_1.0.0.202411081344/tools/bin/../lib/gcc/arm-none-eabi/13.3.1/../../../../arm-none-eabi/lib/thumb/v7e-m+fp/hard\libc_nano.a(libc_a-gdtoa-hexnan.o)
                0x0800ef08                __hexnan
 .text.__ascii_mbtowc
                0x0800f03e       0x24 C:/ST/STM32CubeIDE_1.18.1/STM32CubeIDE/plugins/com.st.stm32cube.ide.mcu.externaltools.gnu-tools-for-stm32.13.3.rel1.win32_1.0.0.202411081344/tools/bin/../lib/gcc/arm-none-eabi/13.3.1/../../../../arm-none-eabi/lib/thumb/v7e-m+fp/hard\libc_nano.a(libc_a-mbtowc_r.o)
                0x0800f03e                __ascii_mbtowc
 .text._realloc_r
                0x0800f062       0x5c C:/ST/STM32CubeIDE_1.18.1/STM32CubeIDE/plugins/com.st.stm32cube.ide.mcu.externaltools.gnu-tools-for-stm32.13.3.rel1.win32_1.0.0.202411081344/tools/bin/../lib/gcc/arm-none-eabi/13.3.1/../../../../arm-none-eabi/lib/thumb/v7e-m+fp/hard\libc_nano.a(libc_a-reallocr.o)
                0x0800f062                _realloc_r
 .text.__ascii_wctomb
                0x0800f0be       0x1a C:/ST/STM32CubeIDE_1.18.1/STM32CubeIDE/plugins/com.st.stm32cube.ide.mcu.externaltools.gnu-tools-for-stm32.13.3.rel1.win32_1.0.0.202411081344/tools/bin/../lib/gcc/arm-none-eabi/13.3.1/../../../../arm-none-eabi/lib/thumb/v7e-m+fp/hard\libc_nano.a(libc_a-wctomb_r.o)
                0x0800f0be                __ascii_wctomb
 .text.fprintf  0x0800f0d8       0x24 C:/ST/STM32CubeIDE_1.18.1/STM32CubeIDE/plugins/com.st.stm32cube.ide.mcu.externaltools.gnu-tools-for-stm32.13.3.rel1.win32_1.0.0.202411081344/tools/bin/../lib/gcc/arm-none-eabi/13.3.1/../../../../arm-none-eabi/lib/thumb/v7e-m+fp/hard\libc_nano.a(libc_a-fprintf.o)
                0x0800f0d8                fiprintf
                0x0800f0d8                fprintf
 .text.abort    0x0800f0fc        0xe C:/ST/STM32CubeIDE_1.18.1/STM32CubeIDE/plugins/com.st.stm32cube.ide.mcu.externaltools.gnu-tools-for-stm32.13.3.rel1.win32_1.0.0.202411081344/tools/bin/../lib/gcc/arm-none-eabi/13.3.1/../../../../arm-none-eabi/lib/thumb/v7e-m+fp/hard\libc_nano.a(libc_a-abort.o)
                0x0800f0fc                abort
 .text._malloc_usable_size_r
                0x0800f10a       0x10 C:/ST/STM32CubeIDE_1.18.1/STM32CubeIDE/plugins/com.st.stm32cube.ide.mcu.externaltools.gnu-tools-for-stm32.13.3.rel1.win32_1.0.0.202411081344/tools/bin/../lib/gcc/arm-none-eabi/13.3.1/../../../../arm-none-eabi/lib/thumb/v7e-m+fp/hard\libc_nano.a(libc_a-msizer.o)
                0x0800f10a                _malloc_usable_size_r
 .text.__sfputc_r
                0x0800f11a       0x2e C:/ST/STM32CubeIDE_1.18.1/STM32CubeIDE/plugins/com.st.stm32cube.ide.mcu.externaltools.gnu-tools-for-stm32.13.3.rel1.win32_1.0.0.202411081344/tools/bin/../lib/gcc/arm-none-eabi/13.3.1/../../../../arm-none-eabi/lib/thumb/v7e-m+fp/hard\libc_nano.a(libc_a-nano-vfprintf.o)
 .text.__sfputs_r
                0x0800f148       0x24 C:/ST/STM32CubeIDE_1.18.1/STM32CubeIDE/plugins/com.st.stm32cube.ide.mcu.externaltools.gnu-tools-for-stm32.13.3.rel1.win32_1.0.0.202411081344/tools/bin/../lib/gcc/arm-none-eabi/13.3.1/../../../../arm-none-eabi/lib/thumb/v7e-m+fp/hard\libc_nano.a(libc_a-nano-vfprintf.o)
                0x0800f148                __sfputs_r
 .text._vfprintf_r
                0x0800f16c      0x230 C:/ST/STM32CubeIDE_1.18.1/STM32CubeIDE/plugins/com.st.stm32cube.ide.mcu.externaltools.gnu-tools-for-stm32.13.3.rel1.win32_1.0.0.202411081344/tools/bin/../lib/gcc/arm-none-eabi/13.3.1/../../../../arm-none-eabi/lib/thumb/v7e-m+fp/hard\libc_nano.a(libc_a-nano-vfprintf.o)
                0x0800f16c                _vfprintf_r
                0x0800f16c                _vfiprintf_r
 .text.__swbuf_r
                0x0800f39c       0x7c C:/ST/STM32CubeIDE_1.18.1/STM32CubeIDE/plugins/com.st.stm32cube.ide.mcu.externaltools.gnu-tools-for-stm32.13.3.rel1.win32_1.0.0.202411081344/tools/bin/../lib/gcc/arm-none-eabi/13.3.1/../../../../arm-none-eabi/lib/thumb/v7e-m+fp/hard\libc_nano.a(libc_a-wbuf.o)
                0x0800f39c                __swbuf_r
 .text.__swsetup_r
                0x0800f418       0xac C:/ST/STM32CubeIDE_1.18.1/STM32CubeIDE/plugins/com.st.stm32cube.ide.mcu.externaltools.gnu-tools-for-stm32.13.3.rel1.win32_1.0.0.202411081344/tools/bin/../lib/gcc/arm-none-eabi/13.3.1/../../../../arm-none-eabi/lib/thumb/v7e-m+fp/hard\libc_nano.a(libc_a-wsetup.o)
                0x0800f418                __swsetup_r
 .text._raise_r
                0x0800f4c4       0x50 C:/ST/STM32CubeIDE_1.18.1/STM32CubeIDE/plugins/com.st.stm32cube.ide.mcu.externaltools.gnu-tools-for-stm32.13.3.rel1.win32_1.0.0.202411081344/tools/bin/../lib/gcc/arm-none-eabi/13.3.1/../../../../arm-none-eabi/lib/thumb/v7e-m+fp/hard\libc_nano.a(libc_a-signal.o)
                0x0800f4c4                _raise_r
 .text.raise    0x0800f514       0x10 C:/ST/STM32CubeIDE_1.18.1/STM32CubeIDE/plugins/com.st.stm32cube.ide.mcu.externaltools.gnu-tools-for-stm32.13.3.rel1.win32_1.0.0.202411081344/tools/bin/../lib/gcc/arm-none-eabi/13.3.1/../../../../arm-none-eabi/lib/thumb/v7e-m+fp/hard\libc_nano.a(libc_a-signal.o)
                0x0800f514                raise
 .text._kill_r  0x0800f524       0x24 C:/ST/STM32CubeIDE_1.18.1/STM32CubeIDE/plugins/com.st.stm32cube.ide.mcu.externaltools.gnu-tools-for-stm32.13.3.rel1.win32_1.0.0.202411081344/tools/bin/../lib/gcc/arm-none-eabi/13.3.1/../../../../arm-none-eabi/lib/thumb/v7e-m+fp/hard\libc_nano.a(libc_a-signalr.o)
                0x0800f524                _kill_r
 .text._getpid_r
                0x0800f548        0x4 C:/ST/STM32CubeIDE_1.18.1/STM32CubeIDE/plugins/com.st.stm32cube.ide.mcu.externaltools.gnu-tools-for-stm32.13.3.rel1.win32_1.0.0.202411081344/tools/bin/../lib/gcc/arm-none-eabi/13.3.1/../../../../arm-none-eabi/lib/thumb/v7e-m+fp/hard\libc_nano.a(libc_a-signalr.o)
                0x0800f548                _getpid_r
 .text.__swhatbuf_r
                0x0800f54c       0x4c C:/ST/STM32CubeIDE_1.18.1/STM32CubeIDE/plugins/com.st.stm32cube.ide.mcu.externaltools.gnu-tools-for-stm32.13.3.rel1.win32_1.0.0.202411081344/tools/bin/../lib/gcc/arm-none-eabi/13.3.1/../../../../arm-none-eabi/lib/thumb/v7e-m+fp/hard\libc_nano.a(libc_a-makebuf.o)
                0x0800f54c                __swhatbuf_r
 .text.__smakebuf_r
                0x0800f598       0x78 C:/ST/STM32CubeIDE_1.18.1/STM32CubeIDE/plugins/com.st.stm32cube.ide.mcu.externaltools.gnu-tools-for-stm32.13.3.rel1.win32_1.0.0.202411081344/tools/bin/../lib/gcc/arm-none-eabi/13.3.1/../../../../arm-none-eabi/lib/thumb/v7e-m+fp/hard\libc_nano.a(libc_a-makebuf.o)
                0x0800f598                __smakebuf_r
 .text._fstat_r
                0x0800f610       0x24 C:/ST/STM32CubeIDE_1.18.1/STM32CubeIDE/plugins/com.st.stm32cube.ide.mcu.externaltools.gnu-tools-for-stm32.13.3.rel1.win32_1.0.0.202411081344/tools/bin/../lib/gcc/arm-none-eabi/13.3.1/../../../../arm-none-eabi/lib/thumb/v7e-m+fp/hard\libc_nano.a(libc_a-fstatr.o)
                0x0800f610                _fstat_r
 .text._isatty_r
                0x0800f634       0x20 C:/ST/STM32CubeIDE_1.18.1/STM32CubeIDE/plugins/com.st.stm32cube.ide.mcu.externaltools.gnu-tools-for-stm32.13.3.rel1.win32_1.0.0.202411081344/tools/bin/../lib/gcc/arm-none-eabi/13.3.1/../../../../arm-none-eabi/lib/thumb/v7e-m+fp/hard\libc_nano.a(libc_a-isattyr.o)
                0x0800f634                _isatty_r
 .text.powf     0x0800f654       0xae C:/ST/STM32CubeIDE_1.18.1/STM32CubeIDE/plugins/com.st.stm32cube.ide.mcu.externaltools.gnu-tools-for-stm32.13.3.rel1.win32_1.0.0.202411081344/tools/bin/../lib/gcc/arm-none-eabi/13.3.1/../../../../arm-none-eabi/lib/thumb/v7e-m+fp/hard\libm.a(libm_a-wf_pow.o)
                0x0800f654                powf
 *fill*         0x0800f702        0x2 
 .text.sqrtf    0x0800f704       0x3c C:/ST/STM32CubeIDE_1.18.1/STM32CubeIDE/plugins/com.st.stm32cube.ide.mcu.externaltools.gnu-tools-for-stm32.13.3.rel1.win32_1.0.0.202411081344/tools/bin/../lib/gcc/arm-none-eabi/13.3.1/../../../../arm-none-eabi/lib/thumb/v7e-m+fp/hard\libm.a(libm_a-wf_sqrt.o)
                0x0800f704                sqrtf
 .text.fabsf    0x0800f740        0xe C:/ST/STM32CubeIDE_1.18.1/STM32CubeIDE/plugins/com.st.stm32cube.ide.mcu.externaltools.gnu-tools-for-stm32.13.3.rel1.win32_1.0.0.202411081344/tools/bin/../lib/gcc/arm-none-eabi/13.3.1/../../../../arm-none-eabi/lib/thumb/v7e-m+fp/hard\libm.a(libm_a-sf_fabs.o)
                0x0800f740                fabsf
 .text.finitef  0x0800f74e       0x14 C:/ST/STM32CubeIDE_1.18.1/STM32CubeIDE/plugins/com.st.stm32cube.ide.mcu.externaltools.gnu-tools-for-stm32.13.3.rel1.win32_1.0.0.202411081344/tools/bin/../lib/gcc/arm-none-eabi/13.3.1/../../../../arm-none-eabi/lib/thumb/v7e-m+fp/hard\libm.a(libm_a-sf_finite.o)
                0x0800f74e                finitef
 .text.__ieee754_sqrtf
                0x0800f762        0x6 C:/ST/STM32CubeIDE_1.18.1/STM32CubeIDE/plugins/com.st.stm32cube.ide.mcu.externaltools.gnu-tools-for-stm32.13.3.rel1.win32_1.0.0.202411081344/tools/bin/../lib/gcc/arm-none-eabi/13.3.1/../../../../arm-none-eabi/lib/thumb/v7e-m+fp/hard\libm.a(libm_a-ef_sqrt.o)
                0x0800f762                __ieee754_sqrtf
 .text.__ieee754_powf
                0x0800f768      0x59c C:/ST/STM32CubeIDE_1.18.1/STM32CubeIDE/plugins/com.st.stm32cube.ide.mcu.externaltools.gnu-tools-for-stm32.13.3.rel1.win32_1.0.0.202411081344/tools/bin/../lib/gcc/arm-none-eabi/13.3.1/../../../../arm-none-eabi/lib/thumb/v7e-m+fp/hard\libm.a(libm_a-ef_pow.o)
                0x0800f768                __ieee754_powf
 .text.scalbnf  0x0800fd04       0xcc C:/ST/STM32CubeIDE_1.18.1/STM32CubeIDE/plugins/com.st.stm32cube.ide.mcu.externaltools.gnu-tools-for-stm32.13.3.rel1.win32_1.0.0.202411081344/tools/bin/../lib/gcc/arm-none-eabi/13.3.1/../../../../arm-none-eabi/lib/thumb/v7e-m+fp/hard\libm.a(libm_a-sf_scalbn.o)
                0x0800fd04                scalbnf
 .text.with_errnof
                0x0800fdd0       0x1c C:/ST/STM32CubeIDE_1.18.1/STM32CubeIDE/plugins/com.st.stm32cube.ide.mcu.externaltools.gnu-tools-for-stm32.13.3.rel1.win32_1.0.0.202411081344/tools/bin/../lib/gcc/arm-none-eabi/13.3.1/../../../../arm-none-eabi/lib/thumb/v7e-m+fp/hard\libm.a(libm_a-math_errf.o)
 .text.xflowf   0x0800fdec       0x16 C:/ST/STM32CubeIDE_1.18.1/STM32CubeIDE/plugins/com.st.stm32cube.ide.mcu.externaltools.gnu-tools-for-stm32.13.3.rel1.win32_1.0.0.202411081344/tools/bin/../lib/gcc/arm-none-eabi/13.3.1/../../../../arm-none-eabi/lib/thumb/v7e-m+fp/hard\libm.a(libm_a-math_errf.o)
 *fill*         0x0800fe02        0x2 
 .text.__math_uflowf
                0x0800fe04        0xc C:/ST/STM32CubeIDE_1.18.1/STM32CubeIDE/plugins/com.st.stm32cube.ide.mcu.externaltools.gnu-tools-for-stm32.13.3.rel1.win32_1.0.0.202411081344/tools/bin/../lib/gcc/arm-none-eabi/13.3.1/../../../../arm-none-eabi/lib/thumb/v7e-m+fp/hard\libm.a(libm_a-math_errf.o)
                0x0800fe04                __math_uflowf
 .text.__math_oflowf
                0x0800fe10        0xc C:/ST/STM32CubeIDE_1.18.1/STM32CubeIDE/plugins/com.st.stm32cube.ide.mcu.externaltools.gnu-tools-for-stm32.13.3.rel1.win32_1.0.0.202411081344/tools/bin/../lib/gcc/arm-none-eabi/13.3.1/../../../../arm-none-eabi/lib/thumb/v7e-m+fp/hard\libm.a(libm_a-math_errf.o)
                0x0800fe10                __math_oflowf
 *(.glue_7)
 .glue_7        0x0800fe1c        0x0 linker stubs
 *(.glue_7t)
 .glue_7t       0x0800fe1c        0x0 linker stubs
 *(.eh_frame)
 .eh_frame      0x0800fe1c        0x0 C:/ST/STM32CubeIDE_1.18.1/STM32CubeIDE/plugins/com.st.stm32cube.ide.mcu.externaltools.gnu-tools-for-stm32.13.3.rel1.win32_1.0.0.202411081344/tools/bin/../lib/gcc/arm-none-eabi/13.3.1/thumb/v7e-m+fp/hard/crtbegin.o
 *(.init)
 .init          0x0800fe1c        0x4 C:/ST/STM32CubeIDE_1.18.1/STM32CubeIDE/plugins/com.st.stm32cube.ide.mcu.externaltools.gnu-tools-for-stm32.13.3.rel1.win32_1.0.0.202411081344/tools/bin/../lib/gcc/arm-none-eabi/13.3.1/thumb/v7e-m+fp/hard/crti.o
                0x0800fe1c                _init
 .init          0x0800fe20        0x8 C:/ST/STM32CubeIDE_1.18.1/STM32CubeIDE/plugins/com.st.stm32cube.ide.mcu.externaltools.gnu-tools-for-stm32.13.3.rel1.win32_1.0.0.202411081344/tools/bin/../lib/gcc/arm-none-eabi/13.3.1/thumb/v7e-m+fp/hard/crtn.o
 *(.fini)
 .fini          0x0800fe28        0x4 C:/ST/STM32CubeIDE_1.18.1/STM32CubeIDE/plugins/com.st.stm32cube.ide.mcu.externaltools.gnu-tools-for-stm32.13.3.rel1.win32_1.0.0.202411081344/tools/bin/../lib/gcc/arm-none-eabi/13.3.1/thumb/v7e-m+fp/hard/crti.o
                0x0800fe28                _fini
 .fini          0x0800fe2c        0x8 C:/ST/STM32CubeIDE_1.18.1/STM32CubeIDE/plugins/com.st.stm32cube.ide.mcu.externaltools.gnu-tools-for-stm32.13.3.rel1.win32_1.0.0.202411081344/tools/bin/../lib/gcc/arm-none-eabi/13.3.1/thumb/v7e-m+fp/hard/crtn.o
                0x0800fe34                        . = ALIGN (0x4)
                0x0800fe34                        _etext = .

.vfp11_veneer   0x0800fe34        0x0
 .vfp11_veneer  0x0800fe34        0x0 linker stubs

.v4_bx          0x0800fe34        0x0
 .v4_bx         0x0800fe34        0x0 linker stubs

.iplt           0x0800fe34        0x0
 .iplt          0x0800fe34        0x0 C:/ST/STM32CubeIDE_1.18.1/STM32CubeIDE/plugins/com.st.stm32cube.ide.mcu.externaltools.gnu-tools-for-stm32.13.3.rel1.win32_1.0.0.202411081344/tools/bin/../lib/gcc/arm-none-eabi/13.3.1/thumb/v7e-m+fp/hard/crtbegin.o

.rodata         0x0800fe38     0x150c
                0x0800fe38                        . = ALIGN (0x4)
 *(.rodata)
 .rodata        0x0800fe38      0x844 ./Core/Src/driver_bmp390.o
 .rodata        0x0801067c      0x870 ./Core/Src/main.o
 *(.rodata*)
 .rodata.AHBPrescTable
                0x08010eec       0x10 ./Core/Src/system_stm32f7xx.o
                0x08010eec                AHBPrescTable
 .rodata.APBPrescTable
                0x08010efc        0x8 ./Core/Src/system_stm32f7xx.o
                0x08010efc                APBPrescTable
 .rodata._printf_float.str1.1
                0x08010f04      0x1d6 C:/ST/STM32CubeIDE_1.18.1/STM32CubeIDE/plugins/com.st.stm32cube.ide.mcu.externaltools.gnu-tools-for-stm32.13.3.rel1.win32_1.0.0.202411081344/tools/bin/../lib/gcc/arm-none-eabi/13.3.1/../../../../arm-none-eabi/lib/thumb/v7e-m+fp/hard\libc_nano.a(libc_a-nano-vfprintf_float.o)
                                 0x12 (size before relaxing)
 .rodata._printf_i.str1.1
                0x080110da       0x22 C:/ST/STM32CubeIDE_1.18.1/STM32CubeIDE/plugins/com.st.stm32cube.ide.mcu.externaltools.gnu-tools-for-stm32.13.3.rel1.win32_1.0.0.202411081344/tools/bin/../lib/gcc/arm-none-eabi/13.3.1/../../../../arm-none-eabi/lib/thumb/v7e-m+fp/hard\libc_nano.a(libc_a-nano-vfprintf_i.o)
 .rodata._scanf_float.str1.1
                0x080110da        0x6 C:/ST/STM32CubeIDE_1.18.1/STM32CubeIDE/plugins/com.st.stm32cube.ide.mcu.externaltools.gnu-tools-for-stm32.13.3.rel1.win32_1.0.0.202411081344/tools/bin/../lib/gcc/arm-none-eabi/13.3.1/../../../../arm-none-eabi/lib/thumb/v7e-m+fp/hard\libc_nano.a(libc_a-nano-vfscanf_float.o)
 .rodata._dtoa_r.str1.1
                0x080110da       0x8f C:/ST/STM32CubeIDE_1.18.1/STM32CubeIDE/plugins/com.st.stm32cube.ide.mcu.externaltools.gnu-tools-for-stm32.13.3.rel1.win32_1.0.0.202411081344/tools/bin/../lib/gcc/arm-none-eabi/13.3.1/../../../../arm-none-eabi/lib/thumb/v7e-m+fp/hard\libc_nano.a(libc_a-dtoa.o)
 .rodata._Balloc.str1.1
                0x080110da       0x70 C:/ST/STM32CubeIDE_1.18.1/STM32CubeIDE/plugins/com.st.stm32cube.ide.mcu.externaltools.gnu-tools-for-stm32.13.3.rel1.win32_1.0.0.202411081344/tools/bin/../lib/gcc/arm-none-eabi/13.3.1/../../../../arm-none-eabi/lib/thumb/v7e-m+fp/hard\libc_nano.a(libc_a-mprec.o)
 .rodata.__multadd.str1.1
                0x080110da       0x11 C:/ST/STM32CubeIDE_1.18.1/STM32CubeIDE/plugins/com.st.stm32cube.ide.mcu.externaltools.gnu-tools-for-stm32.13.3.rel1.win32_1.0.0.202411081344/tools/bin/../lib/gcc/arm-none-eabi/13.3.1/../../../../arm-none-eabi/lib/thumb/v7e-m+fp/hard\libc_nano.a(libc_a-mprec.o)
 *fill*         0x080110da        0x2 
 .rodata.p05.0  0x080110dc        0xc C:/ST/STM32CubeIDE_1.18.1/STM32CubeIDE/plugins/com.st.stm32cube.ide.mcu.externaltools.gnu-tools-for-stm32.13.3.rel1.win32_1.0.0.202411081344/tools/bin/../lib/gcc/arm-none-eabi/13.3.1/../../../../arm-none-eabi/lib/thumb/v7e-m+fp/hard\libc_nano.a(libc_a-mprec.o)
 .rodata.__mprec_bigtens
                0x080110e8       0x28 C:/ST/STM32CubeIDE_1.18.1/STM32CubeIDE/plugins/com.st.stm32cube.ide.mcu.externaltools.gnu-tools-for-stm32.13.3.rel1.win32_1.0.0.202411081344/tools/bin/../lib/gcc/arm-none-eabi/13.3.1/../../../../arm-none-eabi/lib/thumb/v7e-m+fp/hard\libc_nano.a(libc_a-mprec.o)
                0x080110e8                __mprec_bigtens
 .rodata.__mprec_tens
                0x08011110       0xc8 C:/ST/STM32CubeIDE_1.18.1/STM32CubeIDE/plugins/com.st.stm32cube.ide.mcu.externaltools.gnu-tools-for-stm32.13.3.rel1.win32_1.0.0.202411081344/tools/bin/../lib/gcc/arm-none-eabi/13.3.1/../../../../arm-none-eabi/lib/thumb/v7e-m+fp/hard\libc_nano.a(libc_a-mprec.o)
                0x08011110                __mprec_tens
 .rodata._strtod_l.str1.1
                0x080111d8        0xf C:/ST/STM32CubeIDE_1.18.1/STM32CubeIDE/plugins/com.st.stm32cube.ide.mcu.externaltools.gnu-tools-for-stm32.13.3.rel1.win32_1.0.0.202411081344/tools/bin/../lib/gcc/arm-none-eabi/13.3.1/../../../../arm-none-eabi/lib/thumb/v7e-m+fp/hard\libc_nano.a(libc_a-strtod.o)
 .rodata.fpinan.0
                0x080111d8       0x14 C:/ST/STM32CubeIDE_1.18.1/STM32CubeIDE/plugins/com.st.stm32cube.ide.mcu.externaltools.gnu-tools-for-stm32.13.3.rel1.win32_1.0.0.202411081344/tools/bin/../lib/gcc/arm-none-eabi/13.3.1/../../../../arm-none-eabi/lib/thumb/v7e-m+fp/hard\libc_nano.a(libc_a-strtod.o)
 .rodata.fpi.1  0x080111ec       0x14 C:/ST/STM32CubeIDE_1.18.1/STM32CubeIDE/plugins/com.st.stm32cube.ide.mcu.externaltools.gnu-tools-for-stm32.13.3.rel1.win32_1.0.0.202411081344/tools/bin/../lib/gcc/arm-none-eabi/13.3.1/../../../../arm-none-eabi/lib/thumb/v7e-m+fp/hard\libc_nano.a(libc_a-strtod.o)
 .rodata.tinytens
                0x08011200       0x28 C:/ST/STM32CubeIDE_1.18.1/STM32CubeIDE/plugins/com.st.stm32cube.ide.mcu.externaltools.gnu-tools-for-stm32.13.3.rel1.win32_1.0.0.202411081344/tools/bin/../lib/gcc/arm-none-eabi/13.3.1/../../../../arm-none-eabi/lib/thumb/v7e-m+fp/hard\libc_nano.a(libc_a-strtod.o)
 .rodata._ctype_
                0x08011228      0x101 C:/ST/STM32CubeIDE_1.18.1/STM32CubeIDE/plugins/com.st.stm32cube.ide.mcu.externaltools.gnu-tools-for-stm32.13.3.rel1.win32_1.0.0.202411081344/tools/bin/../lib/gcc/arm-none-eabi/13.3.1/../../../../arm-none-eabi/lib/thumb/v7e-m+fp/hard\libc_nano.a(libc_a-ctype_.o)
                0x08011228                _ctype_
 .rodata._svfprintf_r.str1.1
                0x08011329       0x11 C:/ST/STM32CubeIDE_1.18.1/STM32CubeIDE/plugins/com.st.stm32cube.ide.mcu.externaltools.gnu-tools-for-stm32.13.3.rel1.win32_1.0.0.202411081344/tools/bin/../lib/gcc/arm-none-eabi/13.3.1/../../../../arm-none-eabi/lib/thumb/v7e-m+fp/hard\libc_nano.a(libc_a-nano-svfprintf.o)
 .rodata._setlocale_r.str1.1
                0x08011329        0x9 C:/ST/STM32CubeIDE_1.18.1/STM32CubeIDE/plugins/com.st.stm32cube.ide.mcu.externaltools.gnu-tools-for-stm32.13.3.rel1.win32_1.0.0.202411081344/tools/bin/../lib/gcc/arm-none-eabi/13.3.1/../../../../arm-none-eabi/lib/thumb/v7e-m+fp/hard\libc_nano.a(libc_a-locale.o)
 .rodata.str1.1
                0x08011329        0x2 C:/ST/STM32CubeIDE_1.18.1/STM32CubeIDE/plugins/com.st.stm32cube.ide.mcu.externaltools.gnu-tools-for-stm32.13.3.rel1.win32_1.0.0.202411081344/tools/bin/../lib/gcc/arm-none-eabi/13.3.1/../../../../arm-none-eabi/lib/thumb/v7e-m+fp/hard\libc_nano.a(libc_a-locale.o)
 .rodata.__assert_func.str1.1
                0x08011329       0x3d C:/ST/STM32CubeIDE_1.18.1/STM32CubeIDE/plugins/com.st.stm32cube.ide.mcu.externaltools.gnu-tools-for-stm32.13.3.rel1.win32_1.0.0.202411081344/tools/bin/../lib/gcc/arm-none-eabi/13.3.1/../../../../arm-none-eabi/lib/thumb/v7e-m+fp/hard\libc_nano.a(libc_a-assert.o)
 .rodata.__gethex.str1.1
                0x08011329       0x73 C:/ST/STM32CubeIDE_1.18.1/STM32CubeIDE/plugins/com.st.stm32cube.ide.mcu.externaltools.gnu-tools-for-stm32.13.3.rel1.win32_1.0.0.202411081344/tools/bin/../lib/gcc/arm-none-eabi/13.3.1/../../../../arm-none-eabi/lib/thumb/v7e-m+fp/hard\libc_nano.a(libc_a-gdtoa-gethex.o)
 .rodata._vfprintf_r.str1.1
                0x08011329       0x11 C:/ST/STM32CubeIDE_1.18.1/STM32CubeIDE/plugins/com.st.stm32cube.ide.mcu.externaltools.gnu-tools-for-stm32.13.3.rel1.win32_1.0.0.202411081344/tools/bin/../lib/gcc/arm-none-eabi/13.3.1/../../../../arm-none-eabi/lib/thumb/v7e-m+fp/hard\libc_nano.a(libc_a-nano-vfprintf.o)
 *fill*         0x08011329        0x3 