../Core/Src/main.c:97:16:platform_write	40	static
../Core/Src/main.c:106:16:platform_read	40	static
../Core/Src/main.c:146:9:bmp390_i2c_interface_init	4	static
../Core/Src/main.c:152:9:bmp390_i2c_interface_deinit	4	static
../Core/Src/main.c:157:9:bmp390_i2c_read	32	static
../Core/Src/main.c:165:9:bmp390_i2c_write	32	static
../Core/Src/main.c:174:6:bmp390_delay_ms	16	static
../Core/Src/main.c:179:9:bmp390_spi_interface_init	4	static
../Core/Src/main.c:184:9:bmp390_spi_interface_deinit	4	static
../Core/Src/main.c:189:9:bmp390_spi_read	16	static
../Core/Src/main.c:197:9:bmp390_spi_write	16	static
../Core/Src/main.c:205:6:bmp390_debug_print	144	static
../Core/Src/main.c:223:6:calibrate_sea_level_pressure_hpa	16	static
../Core/Src/main.c:229:7:calculate_altitude_hpa	16	static
../Core/Src/main.c:247:14:lsm6dso_from_fs16g_to_mg	16	static
../Core/Src/main.c:258:14:lsm6dso_from_fs250dps_to_mdps	16	static
../Core/Src/main.c:268:14:lsm6dso_from_fs32g_to_mg	16	static
../Core/Src/main.c:278:14:lsm6dso_from_fs2000dps_to_mdps	16	static
../Core/Src/main.c:304:5:main	136	static
../Core/Src/main.c:627:6:SystemClock_Config	88	static
../Core/Src/main.c:677:13:MX_ETH_Init	8	static
../Core/Src/main.c:726:13:MX_I2C1_Init	8	static
../Core/Src/main.c:774:13:MX_USART3_UART_Init	8	static
../Core/Src/main.c:809:13:MX_USB_OTG_FS_PCD_Init	8	static
../Core/Src/main.c:844:13:MX_GPIO_Init	56	static
../Core/Src/main.c:904:6:Error_Handler	4	static,ignoring_inline_asm
