../Core/Src/main.c:187:15:clamp_int8	16	static
../Core/Src/main.c:193:6:calibrate_adxl375_offsets	176	static
../Core/Src/main.c:332:5:main	56	static
../Core/Src/main.c:589:6:SystemClock_Config	88	static
../Core/Src/main.c:639:13:MX_ETH_Init	8	static
../Core/Src/main.c:688:13:MX_I2C1_Init	8	static
../Core/Src/main.c:736:13:MX_USART3_UART_Init	8	static
../Core/Src/main.c:771:13:MX_USB_OTG_FS_PCD_Init	8	static
../Core/Src/main.c:806:13:MX_GPIO_Init	56	static
../Core/Src/main.c:866:6:Error_Handler	4	static,ignoring_inline_asm
