../Core/Src/main.c:95:9:bmp390_i2c_interface_init	4	static
../Core/Src/main.c:101:9:bmp390_i2c_interface_deinit	4	static
../Core/Src/main.c:106:9:bmp390_i2c_read	32	static
../Core/Src/main.c:114:9:bmp390_i2c_write	32	static
../Core/Src/main.c:123:6:bmp390_delay_ms	16	static
../Core/Src/main.c:128:9:bmp390_spi_interface_init	4	static
../Core/Src/main.c:133:9:bmp390_spi_interface_deinit	4	static
../Core/Src/main.c:138:9:bmp390_spi_read	16	static
../Core/Src/main.c:146:9:bmp390_spi_write	16	static
../Core/Src/main.c:154:6:bmp390_debug_print	144	static
../Core/Src/main.c:172:6:calibrate_sea_level_pressure_hpa	16	static
../Core/Src/main.c:178:7:calculate_altitude_hpa	16	static
../Core/Src/main.c:229:5:main	128	static
../Core/Src/main.c:448:6:SystemClock_Config	88	static
../Core/Src/main.c:498:13:MX_ETH_Init	8	static
../Core/Src/main.c:547:13:MX_I2C1_Init	8	static
../Core/Src/main.c:595:13:MX_USART3_UART_Init	8	static
../Core/Src/main.c:630:13:MX_USB_OTG_FS_PCD_Init	8	static
../Core/Src/main.c:665:13:MX_GPIO_Init	56	static
../Core/Src/main.c:725:6:Error_Handler	4	static,ignoring_inline_asm
