../Core/Src/SD.c:10:13:SD_CS_Assert	8	static
../Core/Src/SD.c:14:13:SD_CS_Deassert	8	static
../Core/Src/SD.c:19:16:SD_SPI_TransmitReceive	32	static
../Core/Src/SD.c:29:16:SD_SendCommand	48	static
../Core/Src/SD.c:84:6:SD_SPI_Init	16	static
../Core/Src/SD.c:90:9:SD_Init	104	static
../Core/Src/SD.c:218:9:SD_Write_Block	104	static
../Core/Src/SD.c:281:9:SD_Read_Block	112	static
../Core/Src/SD.c:332:6:SD_Log_Start	144	static
../Core/Src/SD.c:351:13:SD_Log_Write_CSV_Header	440	static
../Core/Src/SD.c:382:6:SD_Log_Data	784	static
../Core/Src/SD.c:426:6:SD_Log_FlushBuffer	136	static
../Core/Src/SD.c:455:6:SD_Log_Stop	72	static
../Core/Src/SD.c:468:6:SD_Run_Test_Write	1192	static
